<html>
<body>
<pre>
<h1>µVision Build Log</h1>
<h2>Tool Versions:</h2>
IDE-Version: µVision V5.29.0.0
Copyright (C) 2019 ARM Ltd and ARM Germany GmbH. All rights reserved.
License Information: moustafa abdelrahim, x, LIC=----
 
Tool Versions:
Toolchain:       MDK-Lite  Version: 5.29.0.0
Toolchain Path:  C:\Keil_v5\ARM\ARMCC\Bin
C Compiler:      Armcc.exe V5.06 update 6 (build 750)
Assembler:       Armasm.exe V5.06 update 6 (build 750)
Linker/Locator:  ArmLink.exe V5.06 update 6 (build 750)
Library Manager: ArmAr.exe V5.06 update 6 (build 750)
Hex Converter:   FromElf.exe V5.06 update 6 (build 750)
CPU DLL:         SARMCM3.DLL V5.29.0.0
Dialog DLL:      DCM.DLL V1.17.3.0
Target DLL:      UL2CM3.DLL V1.163.0.0
Dialog DLL:      TCM.DLL V1.36.5.0
 
<h2>Project:</h2>
C:\Users\Genius\Desktop\clones\Moving_Car_Project\Moving Car.uvprojx
Project File Date:  06/22/2023

<h2>Output:</h2>
*** Using Compiler 'V5.06 update 6 (build 750)', folder: 'C:\Keil_v5\ARM\ARMCC\Bin'
Build target 'Target 1'
compiling systick.c...
.\MCAL\MCAL_inc\systick_config.h(41): warning:  #1-D: last line of file ends without a newline
  #endif /* SYSTICK_CONFIG_H_ */
.\UTILI\common.h(57): warning:  #1-D: last line of file ends without a newline
  #endif /* COMMON_H_ */
MCAL\systick.c(68): warning:  #940-D: missing return statement at end of non-void function "systick_delay_ms" 
   }
MCAL\systick.c(95): warning:  #940-D: missing return statement at end of non-void function "systick_delay_sec" 
   }
MCAL\systick.c(107): warning:  #940-D: missing return statement at end of non-void function "systick_interrupt_enable" 
   }
MCAL\systick.c(119): warning:  #940-D: missing return statement at end of non-void function "systick_interrupt_disable" 
   }
MCAL\systick.c(134): warning:  #940-D: missing return statement at end of non-void function "systick_interrupt_setCallback" 
  }
MCAL\systick.c: 7 warnings, 0 errors
compiling gptimer_manager.c...
.\UTILI\common.h(57): warning:  #1-D: last line of file ends without a newline
  #endif /* COMMON_H_ */
.\MCAL\MCAL_inc\gptimer.h(46): warning:  #1-D: last line of file ends without a newline
   
.\MCAL\MCAL_inc\gptimer_manager_config.h(21): warning:  #1-D: last line of file ends without a newline
  #define   signal_duration         500     
.\MCAL\MCAL_inc\gptimer_manager.h(19): warning:  #1-D: last line of file ends without a newline
  uint16_t timer0_delay_ms (uint16_t ms);
.\HAL\HAL_inc\led_config.h(40): warning:  #1-D: last line of file ends without a newline
  #endif /* LED_CONFIG_H_ */
.\HAL\HAL_inc\led.h(44): warning:  #1-D: last line of file ends without a newline
  #endif /* LED_H_ */
gptimer_manager.c: 6 warnings, 0 errors
compiling led.c...
.\UTILI\common.h(57): warning:  #1-D: last line of file ends without a newline
  #endif /* COMMON_H_ */
.\HAL\HAL_inc\led_config.h(40): warning:  #1-D: last line of file ends without a newline
  #endif /* LED_CONFIG_H_ */
.\HAL\HAL_inc\led.h(44): warning:  #1-D: last line of file ends without a newline
  #endif /* LED_H_ */
HAL\led.c: 3 warnings, 0 errors
compiling motor.c...
.\UTILI\common.h(57): warning:  #1-D: last line of file ends without a newline
  #endif /* COMMON_H_ */
HAL\motor.c(46): warning:  #188-D: enumerated type mixed with another type
  			en_l_ret = pin_init(&st_l_motor_0_pin);
HAL\motor.c(55): warning:  #188-D: enumerated type mixed with another type
  			en_l_ret = pin_init(&st_l_motor_1_pin);
HAL\motor.c(86): warning:  #188-D: enumerated type mixed with another type
  			en_l_ret = pin_write(HIGH,strPtr_l_motor_config->motor_port_0_,strPtr_l_motor_config->motor_pin_0_);
HAL\motor.c(95): warning:  #188-D: enumerated type mixed with another type
  			en_l_ret = pin_write(LOW,strPtr_l_motor_config->motor_port_1_,strPtr_l_motor_config->motor_pin_1_);
HAL\motor.c(123): warning:  #188-D: enumerated type mixed with another type
  			en_l_ret = pin_write(LOW,strPtr_l_motor_config->motor_port_0_,strPtr_l_motor_config->motor_pin_0_);
HAL\motor.c(132): warning:  #188-D: enumerated type mixed with another type
  			en_l_ret = pin_write(HIGH,strPtr_l_motor_config->motor_port_1_,strPtr_l_motor_config->motor_pin_1_);
HAL\motor.c(160): warning:  #188-D: enumerated type mixed with another type
  			en_l_ret = pin_write(LOW,strPtr_l_motor_config->motor_port_0_,strPtr_l_motor_config->motor_pin_0_);
HAL\motor.c(169): warning:  #188-D: enumerated type mixed with another type
  			en_l_ret = pin_write(LOW,strPtr_l_motor_config->motor_port_1_,strPtr_l_motor_config->motor_pin_1_);
HAL\motor.c: 9 warnings, 0 errors
compiling button.c...
.\UTILI\common.h(57): warning:  #1-D: last line of file ends without a newline
  #endif /* COMMON_H_ */
.\HAL\HAL_inc\button_config.h(37): warning:  #1-D: last line of file ends without a newline
  #endif /* BUTTON_CONFIG_H_ */
.\HAL\HAL_inc\button.h(40): warning:  #1-D: last line of file ends without a newline
  #endif /* BUTTON_H_ */
HAL\button.c: 3 warnings, 0 errors
compiling gpio.c...
.\UTILI\common.h(57): warning:  #1-D: last line of file ends without a newline
  #endif /* COMMON_H_ */
MCAL\gpio.c: 1 warning, 0 errors
compiling gptimer.c...
.\UTILI\common.h(57): warning:  #1-D: last line of file ends without a newline
  #endif /* COMMON_H_ */
.\MCAL\MCAL_inc\gptimer.h(46): warning:  #1-D: last line of file ends without a newline
   
MCAL\gptimer.c: 2 warnings, 0 errors
assembling startup_TM4C123.s...
compiling app.c...
.\APP\APP_inc\app.h(19): warning:  #1-D: last line of file ends without a newline
  #endif /* APPLICATION_H_ */
.\UTILI\common.h(57): warning:  #1-D: last line of file ends without a newline
  #endif /* COMMON_H_ */
.\HAL\HAL_inc\led_config.h(40): warning:  #1-D: last line of file ends without a newline
  #endif /* LED_CONFIG_H_ */
.\HAL\HAL_inc\led.h(44): warning:  #1-D: last line of file ends without a newline
  #endif /* LED_H_ */
.\HAL\HAL_inc\button_config.h(37): warning:  #1-D: last line of file ends without a newline
  #endif /* BUTTON_CONFIG_H_ */
.\HAL\HAL_inc\button.h(40): warning:  #1-D: last line of file ends without a newline
  #endif /* BUTTON_H_ */
.\MCAL\MCAL_inc\gptimer.h(46): warning:  #1-D: last line of file ends without a newline
   
.\MCAL\MCAL_inc\gptimer_manager_config.h(21): warning:  #1-D: last line of file ends without a newline
  #define   signal_duration         500     
.\MCAL\MCAL_inc\gptimer_manager.h(19): warning:  #1-D: last line of file ends without a newline
  uint16_t timer0_delay_ms (uint16_t ms);
APP\app.c: 9 warnings, 0 errors
compiling main.c...
.\APP\APP_inc\app.h(19): warning:  #1-D: last line of file ends without a newline
  #endif /* APPLICATION_H_ */
.\UTILI\common.h(57): warning:  #1-D: last line of file ends without a newline
  #endif /* COMMON_H_ */
.\HAL\HAL_inc\led_config.h(40): warning:  #1-D: last line of file ends without a newline
  #endif /* LED_CONFIG_H_ */
.\HAL\HAL_inc\led.h(44): warning:  #1-D: last line of file ends without a newline
  #endif /* LED_H_ */
.\HAL\HAL_inc\button_config.h(37): warning:  #1-D: last line of file ends without a newline
  #endif /* BUTTON_CONFIG_H_ */
.\HAL\HAL_inc\button.h(40): warning:  #1-D: last line of file ends without a newline
  #endif /* BUTTON_H_ */
main.c: 6 warnings, 0 errors
compiling system_TM4C123.c...
linking...
Program Size: Code=6380 RO-data=652 RW-data=136 ZI-data=608  
".\Objects\RGB LED Control V1.0" - 0 Error(s), 46 Warning(s).

<h2>Software Packages used:</h2>

Package Vendor: ARM
                http://www.keil.com/pack/ARM.CMSIS.5.6.0.pack
                ARM.CMSIS.5.6.0
                CMSIS (Cortex Microcontroller Software Interface Standard)
   * Component: CORE Version: 5.3.0

Package Vendor: Keil
                http://www.keil.com/pack/Keil.TM4C_DFP.1.1.0.pack
                Keil.TM4C_DFP.1.1.0
                Texas Instruments Tiva C Series Device Support and Examples
   * Component: Startup Version: 1.0.1

<h2>Collection of Component include folders:</h2>
  .\RTE\_Target_1
  C:\Users\Genius\AppData\Local\Arm\Packs\ARM\CMSIS\5.6.0\CMSIS\Core\Include
  C:\Users\Genius\AppData\Local\Arm\Packs\Keil\TM4C_DFP\1.1.0\Device\Include\TM4C123

<h2>Collection of Component Files used:</h2>

   * Component: ARM::CMSIS:CORE:5.3.0

   * Component: Keil::Device:Startup:1.0.1
      Include file:  Device\Include\TM4C123\TM4C123.h
      Source file:   Device\Source\ARM\startup_TM4C123.s
      Source file:   Device\Source\system_TM4C123.c
Build Time Elapsed:  00:00:02
</pre>
</body>
</html>
