Component: ARM Compiler 5.06 update 6 (build 750) Tool: armlink [4d35ed]

==============================================================================

Section Cross References

    gpio.o(i.GPIOA_Handler) refers to gpio.o(.data) for fptr_A
    gpio.o(i.GPIOB_Handler) refers to gpio.o(.data) for fptr_B
    gpio.o(i.GPIOC_Handler) refers to gpio.o(.data) for fptr_C
    gpio.o(i.GPIOD_Handler) refers to gpio.o(.data) for fptr_D
    gpio.o(i.GPIOE_Handler) refers to gpio.o(.data) for fptr_E
    gpio.o(i.GPIOF_Handler) refers to gpio.o(.data) for fptr_F
    gpio.o(i.port_interrupt_enable) refers to gpio.o(i.__NVIC_EnableIRQ) for __NVIC_EnableIRQ
    gpio.o(i.port_interrupt_setcallback) refers to gpio.o(.data) for fptr_A
    systick.o(i.SysTick_Handler) refers to systick.o(.data) for fptr_systick
    systick.o(i.systick_interrupt_setCallback) refers to systick.o(.data) for fptr_systick
    gptimer.o(i.TIMER0A_Handler) refers to gptimer.o(.data) for fptr_Timer0_A
    gptimer.o(i.TIMER0B_Handler) refers to gptimer.o(.data) for fptr_Timer0_B
    gptimer.o(i.TIMER1A_Handler) refers to gptimer.o(.data) for fptr_Timer1_A
    gptimer.o(i.TIMER1B_Handler) refers to gptimer.o(.data) for fptr_Timer1_B
    gptimer.o(i.TIMER2A_Handler) refers to gptimer.o(.data) for fptr_Timer2_A
    gptimer.o(i.TIMER2B_Handler) refers to gptimer.o(.data) for fptr_Timer2_B
    gptimer.o(i.TIMER3A_Handler) refers to gptimer.o(.data) for fptr_Timer3_A
    gptimer.o(i.TIMER3B_Handler) refers to gptimer.o(.data) for fptr_Timer3_B
    gptimer.o(i.TIMER4A_Handler) refers to gptimer.o(.data) for fptr_Timer4_A
    gptimer.o(i.TIMER4B_Handler) refers to gptimer.o(.data) for fptr_Timer4_B
    gptimer.o(i.TIMER5A_Handler) refers to gptimer.o(.data) for fptr_Timer5_A
    gptimer.o(i.TIMER5B_Handler) refers to gptimer.o(.data) for fptr_Timer5_B
    gptimer.o(i.WTIMER0A_Handler) refers to gptimer.o(.data) for fptr_WTimer0_A
    gptimer.o(i.WTIMER0B_Handler) refers to gptimer.o(.data) for fptr_WTimer0_B
    gptimer.o(i.WTIMER1A_Handler) refers to gptimer.o(.data) for fptr_WTimer1_A
    gptimer.o(i.WTIMER1B_Handler) refers to gptimer.o(.data) for fptr_WTimer1_B
    gptimer.o(i.WTIMER2A_Handler) refers to gptimer.o(.data) for fptr_WTimer2_A
    gptimer.o(i.WTIMER2B_Handler) refers to gptimer.o(.data) for fptr_WTimer2_B
    gptimer.o(i.WTIMER3A_Handler) refers to gptimer.o(.data) for fptr_WTimer3_A
    gptimer.o(i.WTIMER3B_Handler) refers to gptimer.o(.data) for fptr_WTimer3_B
    gptimer.o(i.WTIMER4A_Handler) refers to gptimer.o(.data) for fptr_WTimer4_A
    gptimer.o(i.WTIMER4B_Handler) refers to gptimer.o(.data) for fptr_WTimer4_B
    gptimer.o(i.WTIMER5A_Handler) refers to gptimer.o(.data) for fptr_WTimer5_A
    gptimer.o(i.WTIMER5B_Handler) refers to gptimer.o(.data) for fptr_WTimer5_B
    gptimer.o(i.timer_A_interrupt_enable) refers to gptimer.o(i.__NVIC_EnableIRQ) for __NVIC_EnableIRQ
    gptimer.o(i.timer_interrupt_setcallback) refers to gptimer.o(.data) for fptr_Timer0_A
    button.o(i.button_init) refers to gpio.o(i.pin_init) for pin_init
    button.o(i.button_read) refers to gpio.o(i.pin_read) for pin_read
    led.o(i.led_init) refers to gpio.o(i.pin_init) for pin_init
    led.o(i.led_off) refers to gpio.o(i.pin_write) for pin_write
    led.o(i.led_on) refers to gpio.o(i.pin_write) for pin_write
    gptimer_manager.o(i.timer0_delay_ms) refers to gptimer.o(i.timer_stop) for timer_stop
    gptimer_manager.o(i.timer0_delay_ms) refers to gptimer.o(i.timer_start) for timer_start
    gptimer_manager.o(i.timer0_init) refers to gptimer.o(i.timer_init) for timer_init
    gptimer_manager.o(i.timer0_pwm) refers to led.o(i.led_on) for led_on
    gptimer_manager.o(i.timer0_pwm) refers to gptimer_manager.o(i.timer0_delay_ms) for timer0_delay_ms
    gptimer_manager.o(i.timer0_pwm) refers to led.o(i.led_off) for led_off
    app.o(i.APP_start) refers to app.o(i.car_stop_state) for car_stop_state
    app.o(i.APP_start) refers to app.o(i.longSide_start) for longSide_start
    app.o(i.APP_start) refers to app.o(i.rotate_90degree_state) for rotate_90degree_state
    app.o(i.APP_start) refers to app.o(i.shortSide_start) for shortSide_start
    app.o(i.APP_start) refers to app.o(.data) for u8_start
    main.o(i.main) refers to app.o(i.APP_init) for APP_init
    main.o(i.main) refers to app.o(i.APP_start) for APP_start
    startup_tm4c123.o(STACK) refers (Special) to heapauxi.o(.text) for __use_two_region_memory
    startup_tm4c123.o(HEAP) refers (Special) to heapauxi.o(.text) for __use_two_region_memory
    startup_tm4c123.o(RESET) refers (Special) to heapauxi.o(.text) for __use_two_region_memory
    startup_tm4c123.o(RESET) refers to startup_tm4c123.o(STACK) for __initial_sp
    startup_tm4c123.o(RESET) refers to startup_tm4c123.o(.text) for Reset_Handler
    startup_tm4c123.o(RESET) refers to systick.o(i.SysTick_Handler) for SysTick_Handler
    startup_tm4c123.o(RESET) refers to gpio.o(i.GPIOA_Handler) for GPIOA_Handler
    startup_tm4c123.o(RESET) refers to gpio.o(i.GPIOB_Handler) for GPIOB_Handler
    startup_tm4c123.o(RESET) refers to gpio.o(i.GPIOC_Handler) for GPIOC_Handler
    startup_tm4c123.o(RESET) refers to gpio.o(i.GPIOD_Handler) for GPIOD_Handler
    startup_tm4c123.o(RESET) refers to gpio.o(i.GPIOE_Handler) for GPIOE_Handler
    startup_tm4c123.o(RESET) refers to gptimer.o(i.TIMER0A_Handler) for TIMER0A_Handler
    startup_tm4c123.o(RESET) refers to gptimer.o(i.TIMER0B_Handler) for TIMER0B_Handler
    startup_tm4c123.o(RESET) refers to gptimer.o(i.TIMER1A_Handler) for TIMER1A_Handler
    startup_tm4c123.o(RESET) refers to gptimer.o(i.TIMER1B_Handler) for TIMER1B_Handler
    startup_tm4c123.o(RESET) refers to gptimer.o(i.TIMER2A_Handler) for TIMER2A_Handler
    startup_tm4c123.o(RESET) refers to gptimer.o(i.TIMER2B_Handler) for TIMER2B_Handler
    startup_tm4c123.o(RESET) refers to gpio.o(i.GPIOF_Handler) for GPIOF_Handler
    startup_tm4c123.o(RESET) refers to gptimer.o(i.TIMER3A_Handler) for TIMER3A_Handler
    startup_tm4c123.o(RESET) refers to gptimer.o(i.TIMER3B_Handler) for TIMER3B_Handler
    startup_tm4c123.o(RESET) refers to gptimer.o(i.TIMER4A_Handler) for TIMER4A_Handler
    startup_tm4c123.o(RESET) refers to gptimer.o(i.TIMER4B_Handler) for TIMER4B_Handler
    startup_tm4c123.o(RESET) refers to gptimer.o(i.TIMER5A_Handler) for TIMER5A_Handler
    startup_tm4c123.o(RESET) refers to gptimer.o(i.TIMER5B_Handler) for TIMER5B_Handler
    startup_tm4c123.o(RESET) refers to gptimer.o(i.WTIMER0A_Handler) for WTIMER0A_Handler
    startup_tm4c123.o(RESET) refers to gptimer.o(i.WTIMER0B_Handler) for WTIMER0B_Handler
    startup_tm4c123.o(RESET) refers to gptimer.o(i.WTIMER1A_Handler) for WTIMER1A_Handler
    startup_tm4c123.o(RESET) refers to gptimer.o(i.WTIMER1B_Handler) for WTIMER1B_Handler
    startup_tm4c123.o(RESET) refers to gptimer.o(i.WTIMER2A_Handler) for WTIMER2A_Handler
    startup_tm4c123.o(RESET) refers to gptimer.o(i.WTIMER2B_Handler) for WTIMER2B_Handler
    startup_tm4c123.o(RESET) refers to gptimer.o(i.WTIMER3A_Handler) for WTIMER3A_Handler
    startup_tm4c123.o(RESET) refers to gptimer.o(i.WTIMER3B_Handler) for WTIMER3B_Handler
    startup_tm4c123.o(RESET) refers to gptimer.o(i.WTIMER4A_Handler) for WTIMER4A_Handler
    startup_tm4c123.o(RESET) refers to gptimer.o(i.WTIMER4B_Handler) for WTIMER4B_Handler
    startup_tm4c123.o(RESET) refers to gptimer.o(i.WTIMER5A_Handler) for WTIMER5A_Handler
    startup_tm4c123.o(RESET) refers to gptimer.o(i.WTIMER5B_Handler) for WTIMER5B_Handler
    startup_tm4c123.o(.text) refers (Special) to heapauxi.o(.text) for __use_two_region_memory
    startup_tm4c123.o(.text) refers to system_tm4c123.o(i.SystemInit) for SystemInit
    startup_tm4c123.o(.text) refers to __main.o(!!!main) for __main
    startup_tm4c123.o(.text) refers to startup_tm4c123.o(HEAP) for Heap_Mem
    startup_tm4c123.o(.text) refers to startup_tm4c123.o(STACK) for Stack_Mem
    system_tm4c123.o(i.SystemCoreClockUpdate) refers to system_tm4c123.o(i.getOscClk) for getOscClk
    system_tm4c123.o(i.SystemCoreClockUpdate) refers to system_tm4c123.o(.data) for SystemCoreClock
    __main.o(!!!main) refers to __rtentry.o(.ARM.Collect$$rtentry$$00000000) for __rt_entry
    __rtentry.o(.ARM.Collect$$rtentry$$00000000) refers (Special) to __rtentry2.o(.ARM.Collect$$rtentry$$0000000A) for __rt_entry_li
    __rtentry.o(.ARM.Collect$$rtentry$$00000000) refers (Special) to __rtentry2.o(.ARM.Collect$$rtentry$$0000000D) for __rt_entry_main
    __rtentry.o(.ARM.Collect$$rtentry$$00000000) refers (Special) to __rtentry2.o(.ARM.Collect$$rtentry$$0000000C) for __rt_entry_postli_1
    __rtentry.o(.ARM.Collect$$rtentry$$00000000) refers (Special) to __rtentry2.o(.ARM.Collect$$rtentry$$00000009) for __rt_entry_postsh_1
    __rtentry.o(.ARM.Collect$$rtentry$$00000000) refers (Special) to __rtentry2.o(.ARM.Collect$$rtentry$$00000002) for __rt_entry_presh_1
    __rtentry.o(.ARM.Collect$$rtentry$$00000000) refers (Special) to __rtentry4.o(.ARM.Collect$$rtentry$$00000004) for __rt_entry_sh
    __rtentry2.o(.ARM.Collect$$rtentry$$00000008) refers to boardinit2.o(.text) for _platform_post_stackheap_init
    __rtentry2.o(.ARM.Collect$$rtentry$$0000000A) refers to libinit.o(.ARM.Collect$$libinit$$00000000) for __rt_lib_init
    __rtentry2.o(.ARM.Collect$$rtentry$$0000000B) refers to boardinit3.o(.text) for _platform_post_lib_init
    __rtentry2.o(.ARM.Collect$$rtentry$$0000000D) refers to main.o(i.main) for main
    __rtentry2.o(.ARM.Collect$$rtentry$$0000000D) refers to exit.o(.text) for exit
    __rtentry2.o(.ARM.exidx) refers to __rtentry2.o(.ARM.Collect$$rtentry$$00000001) for .ARM.Collect$$rtentry$$00000001
    __rtentry2.o(.ARM.exidx) refers to __rtentry2.o(.ARM.Collect$$rtentry$$00000008) for .ARM.Collect$$rtentry$$00000008
    __rtentry2.o(.ARM.exidx) refers to __rtentry2.o(.ARM.Collect$$rtentry$$0000000A) for .ARM.Collect$$rtentry$$0000000A
    __rtentry2.o(.ARM.exidx) refers to __rtentry2.o(.ARM.Collect$$rtentry$$0000000B) for .ARM.Collect$$rtentry$$0000000B
    __rtentry2.o(.ARM.exidx) refers to __rtentry2.o(.ARM.Collect$$rtentry$$0000000D) for .ARM.Collect$$rtentry$$0000000D
    __rtentry4.o(.ARM.Collect$$rtentry$$00000004) refers to sys_stackheap_outer.o(.text) for __user_setup_stackheap
    __rtentry4.o(.ARM.exidx) refers to __rtentry4.o(.ARM.Collect$$rtentry$$00000004) for .ARM.Collect$$rtentry$$00000004
    sys_stackheap_outer.o(.text) refers to libspace.o(.text) for __user_perproc_libspace
    sys_stackheap_outer.o(.text) refers to startup_tm4c123.o(.text) for __user_initial_stackheap
    exit.o(.text) refers to rtexit.o(.ARM.Collect$$rtexit$$00000000) for __rt_exit
    libinit.o(.ARM.Collect$$libinit$$00000000) refers (Special) to libinit2.o(.ARM.Collect$$libinit$$0000002E) for __rt_lib_init_alloca_1
    libinit.o(.ARM.Collect$$libinit$$00000000) refers (Special) to libinit2.o(.ARM.Collect$$libinit$$0000002C) for __rt_lib_init_argv_1
    libinit.o(.ARM.Collect$$libinit$$00000000) refers (Special) to libinit2.o(.ARM.Collect$$libinit$$0000001B) for __rt_lib_init_atexit_1
    libinit.o(.ARM.Collect$$libinit$$00000000) refers (Special) to libinit2.o(.ARM.Collect$$libinit$$00000021) for __rt_lib_init_clock_1
    libinit.o(.ARM.Collect$$libinit$$00000000) refers (Special) to libinit2.o(.ARM.Collect$$libinit$$00000032) for __rt_lib_init_cpp_1
    libinit.o(.ARM.Collect$$libinit$$00000000) refers (Special) to libinit2.o(.ARM.Collect$$libinit$$00000030) for __rt_lib_init_exceptions_1
    libinit.o(.ARM.Collect$$libinit$$00000000) refers (Special) to libinit2.o(.ARM.Collect$$libinit$$00000001) for __rt_lib_init_fp_1
    libinit.o(.ARM.Collect$$libinit$$00000000) refers (Special) to libinit2.o(.ARM.Collect$$libinit$$0000001F) for __rt_lib_init_fp_trap_1
    libinit.o(.ARM.Collect$$libinit$$00000000) refers (Special) to libinit2.o(.ARM.Collect$$libinit$$00000023) for __rt_lib_init_getenv_1
    libinit.o(.ARM.Collect$$libinit$$00000000) refers (Special) to libinit2.o(.ARM.Collect$$libinit$$0000000A) for __rt_lib_init_heap_1
    libinit.o(.ARM.Collect$$libinit$$00000000) refers (Special) to libinit2.o(.ARM.Collect$$libinit$$00000011) for __rt_lib_init_lc_collate_1
    libinit.o(.ARM.Collect$$libinit$$00000000) refers (Special) to libinit2.o(.ARM.Collect$$libinit$$00000013) for __rt_lib_init_lc_ctype_1
    libinit.o(.ARM.Collect$$libinit$$00000000) refers (Special) to libinit2.o(.ARM.Collect$$libinit$$00000015) for __rt_lib_init_lc_monetary_1
    libinit.o(.ARM.Collect$$libinit$$00000000) refers (Special) to libinit2.o(.ARM.Collect$$libinit$$00000017) for __rt_lib_init_lc_numeric_1
    libinit.o(.ARM.Collect$$libinit$$00000000) refers (Special) to libinit2.o(.ARM.Collect$$libinit$$00000019) for __rt_lib_init_lc_time_1
    libinit.o(.ARM.Collect$$libinit$$00000000) refers (Special) to libinit2.o(.ARM.Collect$$libinit$$00000004) for __rt_lib_init_preinit_1
    libinit.o(.ARM.Collect$$libinit$$00000000) refers (Special) to libinit2.o(.ARM.Collect$$libinit$$0000000E) for __rt_lib_init_rand_1
    libinit.o(.ARM.Collect$$libinit$$00000000) refers (Special) to libinit2.o(.ARM.Collect$$libinit$$00000033) for __rt_lib_init_return
    libinit.o(.ARM.Collect$$libinit$$00000000) refers (Special) to libinit2.o(.ARM.Collect$$libinit$$0000001D) for __rt_lib_init_signal_1
    libinit.o(.ARM.Collect$$libinit$$00000000) refers (Special) to libinit2.o(.ARM.Collect$$libinit$$00000025) for __rt_lib_init_stdio_1
    libinit.o(.ARM.Collect$$libinit$$00000000) refers (Special) to libinit2.o(.ARM.Collect$$libinit$$0000000C) for __rt_lib_init_user_alloc_1
    libspace.o(.text) refers to libspace.o(.bss) for __libspace_start
    rtexit.o(.ARM.Collect$$rtexit$$00000000) refers (Special) to rtexit2.o(.ARM.Collect$$rtexit$$00000004) for __rt_exit_exit
    rtexit.o(.ARM.Collect$$rtexit$$00000000) refers (Special) to rtexit2.o(.ARM.Collect$$rtexit$$00000003) for __rt_exit_ls
    rtexit.o(.ARM.Collect$$rtexit$$00000000) refers (Special) to rtexit2.o(.ARM.Collect$$rtexit$$00000002) for __rt_exit_prels_1
    rtexit.o(.ARM.exidx) refers (Special) to rtexit2.o(.ARM.Collect$$rtexit$$00000004) for __rt_exit_exit
    rtexit.o(.ARM.exidx) refers (Special) to rtexit2.o(.ARM.Collect$$rtexit$$00000003) for __rt_exit_ls
    rtexit.o(.ARM.exidx) refers (Special) to rtexit2.o(.ARM.Collect$$rtexit$$00000002) for __rt_exit_prels_1
    rtexit.o(.ARM.exidx) refers to rtexit.o(.ARM.Collect$$rtexit$$00000000) for .ARM.Collect$$rtexit$$00000000
    libinit2.o(.ARM.Collect$$libinit$$00000001) refers to fpinit.o(x$fpl$fpinit) for _fp_init
    libinit2.o(.ARM.Collect$$libinit$$00000010) refers to libinit2.o(.ARM.Collect$$libinit$$0000000F) for .ARM.Collect$$libinit$$0000000F
    libinit2.o(.ARM.Collect$$libinit$$00000012) refers to libinit2.o(.ARM.Collect$$libinit$$0000000F) for .ARM.Collect$$libinit$$0000000F
    libinit2.o(.ARM.Collect$$libinit$$00000014) refers to libinit2.o(.ARM.Collect$$libinit$$0000000F) for .ARM.Collect$$libinit$$0000000F
    libinit2.o(.ARM.Collect$$libinit$$00000016) refers to libinit2.o(.ARM.Collect$$libinit$$0000000F) for .ARM.Collect$$libinit$$0000000F
    libinit2.o(.ARM.Collect$$libinit$$00000018) refers to libinit2.o(.ARM.Collect$$libinit$$0000000F) for .ARM.Collect$$libinit$$0000000F
    libinit2.o(.ARM.Collect$$libinit$$00000026) refers to argv_veneer.o(.emb_text) for __ARM_argv_veneer
    libinit2.o(.ARM.Collect$$libinit$$00000027) refers to argv_veneer.o(.emb_text) for __ARM_argv_veneer
    rtexit2.o(.ARM.Collect$$rtexit$$00000003) refers to libshutdown.o(.ARM.Collect$$libshutdown$$00000000) for __rt_lib_shutdown
    rtexit2.o(.ARM.Collect$$rtexit$$00000004) refers to sys_exit.o(.text) for _sys_exit
    rtexit2.o(.ARM.exidx) refers to rtexit2.o(.ARM.Collect$$rtexit$$00000001) for .ARM.Collect$$rtexit$$00000001
    rtexit2.o(.ARM.exidx) refers to rtexit2.o(.ARM.Collect$$rtexit$$00000003) for .ARM.Collect$$rtexit$$00000003
    rtexit2.o(.ARM.exidx) refers to rtexit2.o(.ARM.Collect$$rtexit$$00000004) for .ARM.Collect$$rtexit$$00000004
    argv_veneer.o(.emb_text) refers to no_argv.o(.text) for __ARM_get_argv
    sys_exit.o(.text) refers (Special) to use_no_semi.o(.text) for __I$use$semihosting
    sys_exit.o(.text) refers (Special) to indicate_semi.o(.text) for __semihosting_library_function
    _get_argv_nomalloc.o(.text) refers (Special) to hrguard.o(.text) for __heap_region$guard
    _get_argv_nomalloc.o(.text) refers to defsig_rtmem_outer.o(.text) for __rt_SIGRTMEM
    _get_argv_nomalloc.o(.text) refers to sys_command.o(.text) for _sys_command_string
    libshutdown.o(.ARM.Collect$$libshutdown$$00000000) refers (Special) to libshutdown2.o(.ARM.Collect$$libshutdown$$00000002) for __rt_lib_shutdown_cpp_1
    libshutdown.o(.ARM.Collect$$libshutdown$$00000000) refers (Special) to libshutdown2.o(.ARM.Collect$$libshutdown$$00000007) for __rt_lib_shutdown_fp_trap_1
    libshutdown.o(.ARM.Collect$$libshutdown$$00000000) refers (Special) to libshutdown2.o(.ARM.Collect$$libshutdown$$0000000F) for __rt_lib_shutdown_heap_1
    libshutdown.o(.ARM.Collect$$libshutdown$$00000000) refers (Special) to libshutdown2.o(.ARM.Collect$$libshutdown$$00000010) for __rt_lib_shutdown_return
    libshutdown.o(.ARM.Collect$$libshutdown$$00000000) refers (Special) to libshutdown2.o(.ARM.Collect$$libshutdown$$0000000A) for __rt_lib_shutdown_signal_1
    libshutdown.o(.ARM.Collect$$libshutdown$$00000000) refers (Special) to libshutdown2.o(.ARM.Collect$$libshutdown$$00000004) for __rt_lib_shutdown_stdio_1
    libshutdown.o(.ARM.Collect$$libshutdown$$00000000) refers (Special) to libshutdown2.o(.ARM.Collect$$libshutdown$$0000000C) for __rt_lib_shutdown_user_alloc_1
    sys_command.o(.text) refers (Special) to use_no_semi.o(.text) for __I$use$semihosting
    sys_command.o(.text) refers (Special) to indicate_semi.o(.text) for __semihosting_library_function
    defsig_rtmem_outer.o(.text) refers to defsig_rtmem_inner.o(.text) for __rt_SIGRTMEM_inner
    defsig_rtmem_outer.o(.text) refers to defsig_exit.o(.text) for __sig_exit
    defsig_rtmem_formal.o(.text) refers to rt_raise.o(.text) for __rt_raise
    rt_raise.o(.text) refers to __raise.o(.text) for __raise
    rt_raise.o(.text) refers to sys_exit.o(.text) for _sys_exit
    defsig_exit.o(.text) refers to sys_exit.o(.text) for _sys_exit
    defsig_rtmem_inner.o(.text) refers to defsig_general.o(.text) for __default_signal_display
    __raise.o(.text) refers to defsig.o(CL$$defsig) for __default_signal_handler
    defsig_general.o(.text) refers to sys_wrch.o(.text) for _ttywrch
    sys_wrch.o(.text) refers (Special) to use_no_semi.o(.text) for __I$use$semihosting
    sys_wrch.o(.text) refers (Special) to indicate_semi.o(.text) for __semihosting_library_function
    defsig.o(CL$$defsig) refers to defsig_rtmem_inner.o(.text) for __rt_SIGRTMEM_inner
    defsig_abrt_inner.o(.text) refers to defsig_general.o(.text) for __default_signal_display
    defsig_fpe_inner.o(.text) refers to defsig_general.o(.text) for __default_signal_display
    defsig_rtred_inner.o(.text) refers to defsig_general.o(.text) for __default_signal_display
    defsig_stak_inner.o(.text) refers to defsig_general.o(.text) for __default_signal_display
    defsig_pvfn_inner.o(.text) refers to defsig_general.o(.text) for __default_signal_display
    defsig_cppl_inner.o(.text) refers to defsig_general.o(.text) for __default_signal_display
    defsig_segv_inner.o(.text) refers to defsig_general.o(.text) for __default_signal_display
    defsig_other.o(.text) refers to defsig_general.o(.text) for __default_signal_display


==============================================================================

Removing Unused input sections from the image.

    Removing gpio.o(.rev16_text), (4 bytes).
    Removing gpio.o(.revsh_text), (4 bytes).
    Removing gpio.o(.rrx_text), (6 bytes).
    Removing gpio.o(i.__NVIC_EnableIRQ), (34 bytes).
    Removing gpio.o(i.pin_init), (1888 bytes).
    Removing gpio.o(i.pin_read), (68 bytes).
    Removing gpio.o(i.pin_write), (148 bytes).
    Removing gpio.o(i.port_interrupt_disable), (240 bytes).
    Removing gpio.o(i.port_interrupt_enable), (892 bytes).
    Removing gpio.o(i.port_interrupt_setcallback), (140 bytes).
    Removing systick.o(i.systick_delay_ms), (62 bytes).
    Removing systick.o(i.systick_delay_sec), (72 bytes).
    Removing systick.o(i.systick_init), (32 bytes).
    Removing systick.o(i.systick_interrupt_disable), (18 bytes).
    Removing systick.o(i.systick_interrupt_enable), (18 bytes).
    Removing systick.o(i.systick_interrupt_setCallback), (16 bytes).
    Removing gptimer.o(.rev16_text), (4 bytes).
    Removing gptimer.o(.revsh_text), (4 bytes).
    Removing gptimer.o(.rrx_text), (6 bytes).
    Removing gptimer.o(i.__NVIC_EnableIRQ), (34 bytes).
    Removing gptimer.o(i.timer_A_interrupt_enable), (528 bytes).
    Removing gptimer.o(i.timer_B_interrupt_disable), (152 bytes).
    Removing gptimer.o(i.timer_init), (1832 bytes).
    Removing gptimer.o(i.timer_interrupt_setcallback), (336 bytes).
    Removing gptimer.o(i.timer_start), (152 bytes).
    Removing gptimer.o(i.timer_stop), (152 bytes).
    Removing button.o(.rev16_text), (4 bytes).
    Removing button.o(.revsh_text), (4 bytes).
    Removing button.o(.rrx_text), (6 bytes).
    Removing button.o(i.button_init), (64 bytes).
    Removing button.o(i.button_read), (42 bytes).
    Removing led.o(.rev16_text), (4 bytes).
    Removing led.o(.revsh_text), (4 bytes).
    Removing led.o(.rrx_text), (6 bytes).
    Removing led.o(i.led_init), (60 bytes).
    Removing led.o(i.led_off), (24 bytes).
    Removing led.o(i.led_on), (24 bytes).
    Removing gptimer_manager.o(.rev16_text), (4 bytes).
    Removing gptimer_manager.o(.revsh_text), (4 bytes).
    Removing gptimer_manager.o(.rrx_text), (6 bytes).
    Removing gptimer_manager.o(i.timer0_delay_ms), (80 bytes).
    Removing gptimer_manager.o(i.timer0_init), (68 bytes).
    Removing gptimer_manager.o(i.timer0_pwm), (68 bytes).
    Removing app.o(.rev16_text), (4 bytes).
    Removing app.o(.revsh_text), (4 bytes).
    Removing app.o(.rrx_text), (6 bytes).
    Removing app.o(i.rotate_90degree_calculation), (2 bytes).
    Removing main.o(.rev16_text), (4 bytes).
    Removing main.o(.revsh_text), (4 bytes).
    Removing main.o(.rrx_text), (6 bytes).
    Removing system_tm4c123.o(.rev16_text), (4 bytes).
    Removing system_tm4c123.o(.revsh_text), (4 bytes).
    Removing system_tm4c123.o(.rrx_text), (6 bytes).
    Removing system_tm4c123.o(i.SystemCoreClockUpdate), (196 bytes).
    Removing system_tm4c123.o(i.getOscClk), (244 bytes).
    Removing system_tm4c123.o(.data), (4 bytes).

56 unused section(s) (total 7802 bytes) removed from the image.

==============================================================================

Image Symbol Table

    Local Symbols

    Symbol Name                              Value     Ov Type        Size  Object(Section)

    RESET                                    0x00000000   Section      620  startup_tm4c123.o(RESET)
    ../clib/angel/boardlib.s                 0x00000000   Number         0  boardinit1.o ABSOLUTE
    ../clib/angel/boardlib.s                 0x00000000   Number         0  boardinit2.o ABSOLUTE
    ../clib/angel/boardlib.s                 0x00000000   Number         0  boardshut.o ABSOLUTE
    ../clib/angel/boardlib.s                 0x00000000   Number         0  boardinit3.o ABSOLUTE
    ../clib/angel/handlers.s                 0x00000000   Number         0  __scatter_zi.o ABSOLUTE
    ../clib/angel/handlers.s                 0x00000000   Number         0  __scatter_copy.o ABSOLUTE
    ../clib/angel/kernel.s                   0x00000000   Number         0  __rtentry.o ABSOLUTE
    ../clib/angel/kernel.s                   0x00000000   Number         0  __rtentry4.o ABSOLUTE
    ../clib/angel/kernel.s                   0x00000000   Number         0  __rtentry2.o ABSOLUTE
    ../clib/angel/kernel.s                   0x00000000   Number         0  rtexit.o ABSOLUTE
    ../clib/angel/kernel.s                   0x00000000   Number         0  rtexit2.o ABSOLUTE
    ../clib/angel/rt.s                       0x00000000   Number         0  rt_raise.o ABSOLUTE
    ../clib/angel/scatter.s                  0x00000000   Number         0  __scatter.o ABSOLUTE
    ../clib/angel/startup.s                  0x00000000   Number         0  __main.o ABSOLUTE
    ../clib/angel/sys.s                      0x00000000   Number         0  sys_stackheap_outer.o ABSOLUTE
    ../clib/angel/sys.s                      0x00000000   Number         0  indicate_semi.o ABSOLUTE
    ../clib/angel/sys.s                      0x00000000   Number         0  use_no_semi.o ABSOLUTE
    ../clib/angel/sys.s                      0x00000000   Number         0  libspace.o ABSOLUTE
    ../clib/angel/sysapp.c                   0x00000000   Number         0  sys_wrch.o ABSOLUTE
    ../clib/angel/sysapp.c                   0x00000000   Number         0  sys_exit.o ABSOLUTE
    ../clib/angel/sysapp.c                   0x00000000   Number         0  sys_command.o ABSOLUTE
    ../clib/armsys.c                         0x00000000   Number         0  no_argv.o ABSOLUTE
    ../clib/armsys.c                         0x00000000   Number         0  _get_argv_nomalloc.o ABSOLUTE
    ../clib/armsys.c                         0x00000000   Number         0  argv_veneer.o ABSOLUTE
    ../clib/armsys.c                         0x00000000   Number         0  argv_veneer.o ABSOLUTE
    ../clib/heapalloc.c                      0x00000000   Number         0  hrguard.o ABSOLUTE
    ../clib/heapaux.c                        0x00000000   Number         0  heapauxi.o ABSOLUTE
    ../clib/libinit.s                        0x00000000   Number         0  libshutdown.o ABSOLUTE
    ../clib/libinit.s                        0x00000000   Number         0  libinit2.o ABSOLUTE
    ../clib/libinit.s                        0x00000000   Number         0  libinit.o ABSOLUTE
    ../clib/libinit.s                        0x00000000   Number         0  libshutdown2.o ABSOLUTE
    ../clib/signal.c                         0x00000000   Number         0  defsig_rtmem_outer.o ABSOLUTE
    ../clib/signal.c                         0x00000000   Number         0  defsig_rtmem_formal.o ABSOLUTE
    ../clib/signal.c                         0x00000000   Number         0  defsig_exit.o ABSOLUTE
    ../clib/signal.c                         0x00000000   Number         0  defsig_rtmem_inner.o ABSOLUTE
    ../clib/signal.c                         0x00000000   Number         0  defsig_general.o ABSOLUTE
    ../clib/signal.c                         0x00000000   Number         0  defsig_abrt_inner.o ABSOLUTE
    ../clib/signal.c                         0x00000000   Number         0  defsig_fpe_inner.o ABSOLUTE
    ../clib/signal.c                         0x00000000   Number         0  __raise.o ABSOLUTE
    ../clib/signal.c                         0x00000000   Number         0  defsig_other.o ABSOLUTE
    ../clib/signal.c                         0x00000000   Number         0  defsig_segv_inner.o ABSOLUTE
    ../clib/signal.c                         0x00000000   Number         0  defsig_cppl_inner.o ABSOLUTE
    ../clib/signal.c                         0x00000000   Number         0  defsig_pvfn_inner.o ABSOLUTE
    ../clib/signal.c                         0x00000000   Number         0  defsig_stak_inner.o ABSOLUTE
    ../clib/signal.c                         0x00000000   Number         0  defsig_rtred_inner.o ABSOLUTE
    ../clib/signal.s                         0x00000000   Number         0  defsig.o ABSOLUTE
    ../clib/stdlib.c                         0x00000000   Number         0  exit.o ABSOLUTE
    ../fplib/fpinit.s                        0x00000000   Number         0  fpinit.o ABSOLUTE
    APP\\app.c                               0x00000000   Number         0  app.o ABSOLUTE
    APP\app.c                                0x00000000   Number         0  app.o ABSOLUTE
    HAL\\button.c                            0x00000000   Number         0  button.o ABSOLUTE
    HAL\\led.c                               0x00000000   Number         0  led.o ABSOLUTE
    HAL\button.c                             0x00000000   Number         0  button.o ABSOLUTE
    HAL\led.c                                0x00000000   Number         0  led.o ABSOLUTE
    HAL\motor.c                              0x00000000   Number         0  motor.o ABSOLUTE
    MCAL\\gpio.c                             0x00000000   Number         0  gpio.o ABSOLUTE
    MCAL\\gptimer.c                          0x00000000   Number         0  gptimer.o ABSOLUTE
    MCAL\gpio.c                              0x00000000   Number         0  gpio.o ABSOLUTE
    MCAL\gptimer.c                           0x00000000   Number         0  gptimer.o ABSOLUTE
    MCAL\systick.c                           0x00000000   Number         0  systick.o ABSOLUTE
    RTE\Device\TM4C1230C3PM\startup_TM4C123.s 0x00000000   Number         0  startup_tm4c123.o ABSOLUTE
    RTE\Device\TM4C1230C3PM\system_TM4C123.c 0x00000000   Number         0  system_tm4c123.o ABSOLUTE
    RTE\\Device\\TM4C1230C3PM\\system_TM4C123.c 0x00000000   Number         0  system_tm4c123.o ABSOLUTE
    dc.s                                     0x00000000   Number         0  dc.o ABSOLUTE
    gptimer_manager.c                        0x00000000   Number         0  gptimer_manager.o ABSOLUTE
    gptimer_manager.c                        0x00000000   Number         0  gptimer_manager.o ABSOLUTE
    main.c                                   0x00000000   Number         0  main.o ABSOLUTE
    main.c                                   0x00000000   Number         0  main.o ABSOLUTE
    !!!main                                  0x0000026c   Section        8  __main.o(!!!main)
    !!!scatter                               0x00000274   Section       52  __scatter.o(!!!scatter)
    !!handler_copy                           0x000002a8   Section       26  __scatter_copy.o(!!handler_copy)
    !!handler_zi                             0x000002c4   Section       28  __scatter_zi.o(!!handler_zi)
    .ARM.Collect$$libinit$$00000000          0x000002e0   Section        2  libinit.o(.ARM.Collect$$libinit$$00000000)
    .ARM.Collect$$libinit$$00000001          0x000002e2   Section        4  libinit2.o(.ARM.Collect$$libinit$$00000001)
    .ARM.Collect$$libinit$$00000004          0x000002e6   Section        0  libinit2.o(.ARM.Collect$$libinit$$00000004)
    .ARM.Collect$$libinit$$0000000A          0x000002e6   Section        0  libinit2.o(.ARM.Collect$$libinit$$0000000A)
    .ARM.Collect$$libinit$$0000000C          0x000002e6   Section        0  libinit2.o(.ARM.Collect$$libinit$$0000000C)
    .ARM.Collect$$libinit$$0000000E          0x000002e6   Section        0  libinit2.o(.ARM.Collect$$libinit$$0000000E)
    .ARM.Collect$$libinit$$00000011          0x000002e6   Section        0  libinit2.o(.ARM.Collect$$libinit$$00000011)
    .ARM.Collect$$libinit$$00000013          0x000002e6   Section        0  libinit2.o(.ARM.Collect$$libinit$$00000013)
    .ARM.Collect$$libinit$$00000015          0x000002e6   Section        0  libinit2.o(.ARM.Collect$$libinit$$00000015)
    .ARM.Collect$$libinit$$00000017          0x000002e6   Section        0  libinit2.o(.ARM.Collect$$libinit$$00000017)
    .ARM.Collect$$libinit$$00000019          0x000002e6   Section        0  libinit2.o(.ARM.Collect$$libinit$$00000019)
    .ARM.Collect$$libinit$$0000001B          0x000002e6   Section        0  libinit2.o(.ARM.Collect$$libinit$$0000001B)
    .ARM.Collect$$libinit$$0000001D          0x000002e6   Section        0  libinit2.o(.ARM.Collect$$libinit$$0000001D)
    .ARM.Collect$$libinit$$0000001F          0x000002e6   Section        0  libinit2.o(.ARM.Collect$$libinit$$0000001F)
    .ARM.Collect$$libinit$$00000021          0x000002e6   Section        0  libinit2.o(.ARM.Collect$$libinit$$00000021)
    .ARM.Collect$$libinit$$00000023          0x000002e6   Section        0  libinit2.o(.ARM.Collect$$libinit$$00000023)
    .ARM.Collect$$libinit$$00000025          0x000002e6   Section        0  libinit2.o(.ARM.Collect$$libinit$$00000025)
    .ARM.Collect$$libinit$$0000002C          0x000002e6   Section        0  libinit2.o(.ARM.Collect$$libinit$$0000002C)
    .ARM.Collect$$libinit$$0000002E          0x000002e6   Section        0  libinit2.o(.ARM.Collect$$libinit$$0000002E)
    .ARM.Collect$$libinit$$00000030          0x000002e6   Section        0  libinit2.o(.ARM.Collect$$libinit$$00000030)
    .ARM.Collect$$libinit$$00000032          0x000002e6   Section        0  libinit2.o(.ARM.Collect$$libinit$$00000032)
    .ARM.Collect$$libinit$$00000033          0x000002e6   Section        2  libinit2.o(.ARM.Collect$$libinit$$00000033)
    .ARM.Collect$$libshutdown$$00000000      0x000002e8   Section        2  libshutdown.o(.ARM.Collect$$libshutdown$$00000000)
    .ARM.Collect$$libshutdown$$00000002      0x000002ea   Section        0  libshutdown2.o(.ARM.Collect$$libshutdown$$00000002)
    .ARM.Collect$$libshutdown$$00000004      0x000002ea   Section        0  libshutdown2.o(.ARM.Collect$$libshutdown$$00000004)
    .ARM.Collect$$libshutdown$$00000007      0x000002ea   Section        0  libshutdown2.o(.ARM.Collect$$libshutdown$$00000007)
    .ARM.Collect$$libshutdown$$0000000A      0x000002ea   Section        0  libshutdown2.o(.ARM.Collect$$libshutdown$$0000000A)
    .ARM.Collect$$libshutdown$$0000000C      0x000002ea   Section        0  libshutdown2.o(.ARM.Collect$$libshutdown$$0000000C)
    .ARM.Collect$$libshutdown$$0000000F      0x000002ea   Section        0  libshutdown2.o(.ARM.Collect$$libshutdown$$0000000F)
    .ARM.Collect$$libshutdown$$00000010      0x000002ea   Section        2  libshutdown2.o(.ARM.Collect$$libshutdown$$00000010)
    .ARM.Collect$$rtentry$$00000000          0x000002ec   Section        0  __rtentry.o(.ARM.Collect$$rtentry$$00000000)
    .ARM.Collect$$rtentry$$00000002          0x000002ec   Section        0  __rtentry2.o(.ARM.Collect$$rtentry$$00000002)
    .ARM.Collect$$rtentry$$00000004          0x000002ec   Section        6  __rtentry4.o(.ARM.Collect$$rtentry$$00000004)
    .ARM.Collect$$rtentry$$00000009          0x000002f2   Section        0  __rtentry2.o(.ARM.Collect$$rtentry$$00000009)
    .ARM.Collect$$rtentry$$0000000A          0x000002f2   Section        4  __rtentry2.o(.ARM.Collect$$rtentry$$0000000A)
    .ARM.Collect$$rtentry$$0000000C          0x000002f6   Section        0  __rtentry2.o(.ARM.Collect$$rtentry$$0000000C)
    .ARM.Collect$$rtentry$$0000000D          0x000002f6   Section        8  __rtentry2.o(.ARM.Collect$$rtentry$$0000000D)
    .ARM.Collect$$rtexit$$00000000           0x000002fe   Section        2  rtexit.o(.ARM.Collect$$rtexit$$00000000)
    .ARM.Collect$$rtexit$$00000002           0x00000300   Section        0  rtexit2.o(.ARM.Collect$$rtexit$$00000002)
    .ARM.Collect$$rtexit$$00000003           0x00000300   Section        4  rtexit2.o(.ARM.Collect$$rtexit$$00000003)
    .ARM.Collect$$rtexit$$00000004           0x00000304   Section        6  rtexit2.o(.ARM.Collect$$rtexit$$00000004)
    .text                                    0x0000030c   Section      276  startup_tm4c123.o(.text)
    $v0                                      0x0000030c   Number         0  startup_tm4c123.o(.text)
    .text                                    0x00000420   Section        0  heapauxi.o(.text)
    .text                                    0x00000426   Section       74  sys_stackheap_outer.o(.text)
    .text                                    0x00000470   Section        0  exit.o(.text)
    .text                                    0x00000484   Section        8  libspace.o(.text)
    .text                                    0x0000048c   Section        0  sys_exit.o(.text)
    .text                                    0x00000498   Section        2  use_no_semi.o(.text)
    .text                                    0x0000049a   Section        0  indicate_semi.o(.text)
    i.APP_init                               0x0000049a   Section        0  app.o(i.APP_init)
    i.APP_start                              0x0000049c   Section        0  app.o(i.APP_start)
    i.GPIOA_Handler                          0x00000540   Section        0  gpio.o(i.GPIOA_Handler)
    i.GPIOB_Handler                          0x00000570   Section        0  gpio.o(i.GPIOB_Handler)
    i.GPIOC_Handler                          0x000005a0   Section        0  gpio.o(i.GPIOC_Handler)
    i.GPIOD_Handler                          0x000005d0   Section        0  gpio.o(i.GPIOD_Handler)
    i.GPIOE_Handler                          0x00000600   Section        0  gpio.o(i.GPIOE_Handler)
    i.GPIOF_Handler                          0x00000630   Section        0  gpio.o(i.GPIOF_Handler)
    i.SysTick_Handler                        0x00000660   Section        0  systick.o(i.SysTick_Handler)
    i.SystemInit                             0x00000674   Section        0  system_tm4c123.o(i.SystemInit)
    i.TIMER0A_Handler                        0x000006ec   Section        0  gptimer.o(i.TIMER0A_Handler)
    i.TIMER0B_Handler                        0x00000710   Section        0  gptimer.o(i.TIMER0B_Handler)
    i.TIMER1A_Handler                        0x00000724   Section        0  gptimer.o(i.TIMER1A_Handler)
    i.TIMER1B_Handler                        0x00000738   Section        0  gptimer.o(i.TIMER1B_Handler)
    i.TIMER2A_Handler                        0x0000074c   Section        0  gptimer.o(i.TIMER2A_Handler)
    i.TIMER2B_Handler                        0x00000760   Section        0  gptimer.o(i.TIMER2B_Handler)
    i.TIMER3A_Handler                        0x00000774   Section        0  gptimer.o(i.TIMER3A_Handler)
    i.TIMER3B_Handler                        0x00000788   Section        0  gptimer.o(i.TIMER3B_Handler)
    i.TIMER4A_Handler                        0x0000079c   Section        0  gptimer.o(i.TIMER4A_Handler)
    i.TIMER4B_Handler                        0x000007b0   Section        0  gptimer.o(i.TIMER4B_Handler)
    i.TIMER5A_Handler                        0x000007c4   Section        0  gptimer.o(i.TIMER5A_Handler)
    i.TIMER5B_Handler                        0x000007d8   Section        0  gptimer.o(i.TIMER5B_Handler)
    i.WTIMER0A_Handler                       0x000007ec   Section        0  gptimer.o(i.WTIMER0A_Handler)
    i.WTIMER0B_Handler                       0x00000800   Section        0  gptimer.o(i.WTIMER0B_Handler)
    i.WTIMER1A_Handler                       0x00000814   Section        0  gptimer.o(i.WTIMER1A_Handler)
    i.WTIMER1B_Handler                       0x00000828   Section        0  gptimer.o(i.WTIMER1B_Handler)
    i.WTIMER2A_Handler                       0x0000083c   Section        0  gptimer.o(i.WTIMER2A_Handler)
    i.WTIMER2B_Handler                       0x00000850   Section        0  gptimer.o(i.WTIMER2B_Handler)
    i.WTIMER3A_Handler                       0x00000864   Section        0  gptimer.o(i.WTIMER3A_Handler)
    i.WTIMER3B_Handler                       0x00000878   Section        0  gptimer.o(i.WTIMER3B_Handler)
    i.WTIMER4A_Handler                       0x0000088c   Section        0  gptimer.o(i.WTIMER4A_Handler)
    i.WTIMER4B_Handler                       0x000008a0   Section        0  gptimer.o(i.WTIMER4B_Handler)
    i.WTIMER5A_Handler                       0x000008b4   Section        0  gptimer.o(i.WTIMER5A_Handler)
    i.WTIMER5B_Handler                       0x000008c8   Section        0  gptimer.o(i.WTIMER5B_Handler)
    i.car_stop_state                         0x000008dc   Section        0  app.o(i.car_stop_state)
    i.longSide_start                         0x000008de   Section        0  app.o(i.longSide_start)
    i.main                                   0x000008e0   Section        0  main.o(i.main)
    i.rotate_90degree_state                  0x000008ec   Section        0  app.o(i.rotate_90degree_state)
    i.shortSide_start                        0x000008ee   Section        0  app.o(i.shortSide_start)
    x$fpl$fpinit                             0x000008f0   Section       10  fpinit.o(x$fpl$fpinit)
    $v0                                      0x000008f0   Number         0  fpinit.o(x$fpl$fpinit)
    .data                                    0x20000000   Section       30  gpio.o(.data)
    fptr_A                                   0x20000000   Data           4  gpio.o(.data)
    fptr_B                                   0x20000004   Data           4  gpio.o(.data)
    fptr_C                                   0x20000008   Data           4  gpio.o(.data)
    fptr_D                                   0x2000000c   Data           4  gpio.o(.data)
    fptr_E                                   0x20000010   Data           4  gpio.o(.data)
    fptr_F                                   0x20000014   Data           4  gpio.o(.data)
    portA_pin                                0x20000018   Data           1  gpio.o(.data)
    portB_pin                                0x20000019   Data           1  gpio.o(.data)
    portC_pin                                0x2000001a   Data           1  gpio.o(.data)
    portD_pin                                0x2000001b   Data           1  gpio.o(.data)
    portE_pin                                0x2000001c   Data           1  gpio.o(.data)
    portF_pin                                0x2000001d   Data           1  gpio.o(.data)
    .data                                    0x20000020   Section        4  systick.o(.data)
    fptr_systick                             0x20000020   Data           4  systick.o(.data)
    .data                                    0x20000024   Section       96  gptimer.o(.data)
    fptr_Timer0_A                            0x20000024   Data           4  gptimer.o(.data)
    fptr_Timer1_A                            0x20000028   Data           4  gptimer.o(.data)
    fptr_Timer2_A                            0x2000002c   Data           4  gptimer.o(.data)
    fptr_Timer3_A                            0x20000030   Data           4  gptimer.o(.data)
    fptr_Timer4_A                            0x20000034   Data           4  gptimer.o(.data)
    fptr_Timer5_A                            0x20000038   Data           4  gptimer.o(.data)
    fptr_WTimer0_A                           0x2000003c   Data           4  gptimer.o(.data)
    fptr_WTimer1_A                           0x20000040   Data           4  gptimer.o(.data)
    fptr_WTimer2_A                           0x20000044   Data           4  gptimer.o(.data)
    fptr_WTimer3_A                           0x20000048   Data           4  gptimer.o(.data)
    fptr_WTimer4_A                           0x2000004c   Data           4  gptimer.o(.data)
    fptr_WTimer5_A                           0x20000050   Data           4  gptimer.o(.data)
    fptr_Timer0_B                            0x20000054   Data           4  gptimer.o(.data)
    fptr_Timer1_B                            0x20000058   Data           4  gptimer.o(.data)
    fptr_Timer2_B                            0x2000005c   Data           4  gptimer.o(.data)
    fptr_Timer3_B                            0x20000060   Data           4  gptimer.o(.data)
    fptr_Timer4_B                            0x20000064   Data           4  gptimer.o(.data)
    fptr_Timer5_B                            0x20000068   Data           4  gptimer.o(.data)
    fptr_WTimer0_B                           0x2000006c   Data           4  gptimer.o(.data)
    fptr_WTimer1_B                           0x20000070   Data           4  gptimer.o(.data)
    fptr_WTimer2_B                           0x20000074   Data           4  gptimer.o(.data)
    fptr_WTimer3_B                           0x20000078   Data           4  gptimer.o(.data)
    fptr_WTimer4_B                           0x2000007c   Data           4  gptimer.o(.data)
    fptr_WTimer5_B                           0x20000080   Data           4  gptimer.o(.data)
    .data                                    0x20000084   Section        2  app.o(.data)
    .bss                                     0x20000088   Section       96  libspace.o(.bss)
    HEAP                                     0x200000e8   Section        0  startup_tm4c123.o(HEAP)
    STACK                                    0x200000e8   Section      512  startup_tm4c123.o(STACK)
    Heap_Mem                                 0x200000e8   Data           0  startup_tm4c123.o(HEAP)
    Stack_Mem                                0x200000e8   Data         512  startup_tm4c123.o(STACK)
    __initial_sp                             0x200002e8   Data           0  startup_tm4c123.o(STACK)

    Global Symbols

    Symbol Name                              Value     Ov Type        Size  Object(Section)

    BuildAttributes$$THM_ISAv4$E$P$D$K$B$S$7EM$VFPi3$EXTD16$VFPS$VFMA$PE$A:L22UL41UL21$X:L11$S22US41US21$IEEE1$IW$USESV6$~STKCKD$USESV7$~SHL$OSPACE$ROPI$EBA8$UX$STANDARDLIB$REQ8$PRES8$EABIv2 0x00000000   Number         0  anon$$obj.o ABSOLUTE
    __ARM_use_no_argv                        0x00000000   Number         0  main.o ABSOLUTE
    __Vectors                                0x00000000   Data           4  startup_tm4c123.o(RESET)
    __ARM_exceptions_init                     - Undefined Weak Reference
    __alloca_initialize                       - Undefined Weak Reference
    __arm_preinit_                            - Undefined Weak Reference
    __cpp_initialize__aeabi_                  - Undefined Weak Reference
    __cxa_finalize                            - Undefined Weak Reference
    __rt_locale                               - Undefined Weak Reference
    __sigvec_lookup                           - Undefined Weak Reference
    _atexit_init                              - Undefined Weak Reference
    _call_atexit_fns                          - Undefined Weak Reference
    _clock_init                               - Undefined Weak Reference
    _fp_trap_init                             - Undefined Weak Reference
    _fp_trap_shutdown                         - Undefined Weak Reference
    _get_lc_collate                           - Undefined Weak Reference
    _get_lc_ctype                             - Undefined Weak Reference
    _get_lc_monetary                          - Undefined Weak Reference
    _get_lc_numeric                           - Undefined Weak Reference
    _get_lc_time                              - Undefined Weak Reference
    _getenv_init                              - Undefined Weak Reference
    _handle_redirection                       - Undefined Weak Reference
    _init_alloc                               - Undefined Weak Reference
    _init_user_alloc                          - Undefined Weak Reference
    _initio                                   - Undefined Weak Reference
    _rand_init                                - Undefined Weak Reference
    _signal_finish                            - Undefined Weak Reference
    _signal_init                              - Undefined Weak Reference
    _terminate_alloc                          - Undefined Weak Reference
    _terminate_user_alloc                     - Undefined Weak Reference
    _terminateio                              - Undefined Weak Reference
    __Vectors_End                            0x0000026c   Data           0  startup_tm4c123.o(RESET)
    __Vectors_Size                           0x0000026c   Number         0  startup_tm4c123.o ABSOLUTE
    __main                                   0x0000026d   Thumb Code     8  __main.o(!!!main)
    __scatterload                            0x00000275   Thumb Code     0  __scatter.o(!!!scatter)
    __scatterload_rt2                        0x00000275   Thumb Code    44  __scatter.o(!!!scatter)
    __scatterload_rt2_thumb_only             0x00000275   Thumb Code     0  __scatter.o(!!!scatter)
    __scatterload_null                       0x00000283   Thumb Code     0  __scatter.o(!!!scatter)
    __scatterload_copy                       0x000002a9   Thumb Code    26  __scatter_copy.o(!!handler_copy)
    __scatterload_zeroinit                   0x000002c5   Thumb Code    28  __scatter_zi.o(!!handler_zi)
    __rt_lib_init                            0x000002e1   Thumb Code     0  libinit.o(.ARM.Collect$$libinit$$00000000)
    __rt_lib_init_fp_1                       0x000002e3   Thumb Code     0  libinit2.o(.ARM.Collect$$libinit$$00000001)
    __rt_lib_init_alloca_1                   0x000002e7   Thumb Code     0  libinit2.o(.ARM.Collect$$libinit$$0000002E)
    __rt_lib_init_argv_1                     0x000002e7   Thumb Code     0  libinit2.o(.ARM.Collect$$libinit$$0000002C)
    __rt_lib_init_atexit_1                   0x000002e7   Thumb Code     0  libinit2.o(.ARM.Collect$$libinit$$0000001B)
    __rt_lib_init_clock_1                    0x000002e7   Thumb Code     0  libinit2.o(.ARM.Collect$$libinit$$00000021)
    __rt_lib_init_cpp_1                      0x000002e7   Thumb Code     0  libinit2.o(.ARM.Collect$$libinit$$00000032)
    __rt_lib_init_exceptions_1               0x000002e7   Thumb Code     0  libinit2.o(.ARM.Collect$$libinit$$00000030)
    __rt_lib_init_fp_trap_1                  0x000002e7   Thumb Code     0  libinit2.o(.ARM.Collect$$libinit$$0000001F)
    __rt_lib_init_getenv_1                   0x000002e7   Thumb Code     0  libinit2.o(.ARM.Collect$$libinit$$00000023)
    __rt_lib_init_heap_1                     0x000002e7   Thumb Code     0  libinit2.o(.ARM.Collect$$libinit$$0000000A)
    __rt_lib_init_lc_collate_1               0x000002e7   Thumb Code     0  libinit2.o(.ARM.Collect$$libinit$$00000011)
    __rt_lib_init_lc_ctype_1                 0x000002e7   Thumb Code     0  libinit2.o(.ARM.Collect$$libinit$$00000013)
    __rt_lib_init_lc_monetary_1              0x000002e7   Thumb Code     0  libinit2.o(.ARM.Collect$$libinit$$00000015)
    __rt_lib_init_lc_numeric_1               0x000002e7   Thumb Code     0  libinit2.o(.ARM.Collect$$libinit$$00000017)
    __rt_lib_init_lc_time_1                  0x000002e7   Thumb Code     0  libinit2.o(.ARM.Collect$$libinit$$00000019)
    __rt_lib_init_preinit_1                  0x000002e7   Thumb Code     0  libinit2.o(.ARM.Collect$$libinit$$00000004)
    __rt_lib_init_rand_1                     0x000002e7   Thumb Code     0  libinit2.o(.ARM.Collect$$libinit$$0000000E)
    __rt_lib_init_return                     0x000002e7   Thumb Code     0  libinit2.o(.ARM.Collect$$libinit$$00000033)
    __rt_lib_init_signal_1                   0x000002e7   Thumb Code     0  libinit2.o(.ARM.Collect$$libinit$$0000001D)
    __rt_lib_init_stdio_1                    0x000002e7   Thumb Code     0  libinit2.o(.ARM.Collect$$libinit$$00000025)
    __rt_lib_init_user_alloc_1               0x000002e7   Thumb Code     0  libinit2.o(.ARM.Collect$$libinit$$0000000C)
    __rt_lib_shutdown                        0x000002e9   Thumb Code     0  libshutdown.o(.ARM.Collect$$libshutdown$$00000000)
    __rt_lib_shutdown_cpp_1                  0x000002eb   Thumb Code     0  libshutdown2.o(.ARM.Collect$$libshutdown$$00000002)
    __rt_lib_shutdown_fp_trap_1              0x000002eb   Thumb Code     0  libshutdown2.o(.ARM.Collect$$libshutdown$$00000007)
    __rt_lib_shutdown_heap_1                 0x000002eb   Thumb Code     0  libshutdown2.o(.ARM.Collect$$libshutdown$$0000000F)
    __rt_lib_shutdown_return                 0x000002eb   Thumb Code     0  libshutdown2.o(.ARM.Collect$$libshutdown$$00000010)
    __rt_lib_shutdown_signal_1               0x000002eb   Thumb Code     0  libshutdown2.o(.ARM.Collect$$libshutdown$$0000000A)
    __rt_lib_shutdown_stdio_1                0x000002eb   Thumb Code     0  libshutdown2.o(.ARM.Collect$$libshutdown$$00000004)
    __rt_lib_shutdown_user_alloc_1           0x000002eb   Thumb Code     0  libshutdown2.o(.ARM.Collect$$libshutdown$$0000000C)
    __rt_entry                               0x000002ed   Thumb Code     0  __rtentry.o(.ARM.Collect$$rtentry$$00000000)
    __rt_entry_presh_1                       0x000002ed   Thumb Code     0  __rtentry2.o(.ARM.Collect$$rtentry$$00000002)
    __rt_entry_sh                            0x000002ed   Thumb Code     0  __rtentry4.o(.ARM.Collect$$rtentry$$00000004)
    __rt_entry_li                            0x000002f3   Thumb Code     0  __rtentry2.o(.ARM.Collect$$rtentry$$0000000A)
    __rt_entry_postsh_1                      0x000002f3   Thumb Code     0  __rtentry2.o(.ARM.Collect$$rtentry$$00000009)
    __rt_entry_main                          0x000002f7   Thumb Code     0  __rtentry2.o(.ARM.Collect$$rtentry$$0000000D)
    __rt_entry_postli_1                      0x000002f7   Thumb Code     0  __rtentry2.o(.ARM.Collect$$rtentry$$0000000C)
    __rt_exit                                0x000002ff   Thumb Code     0  rtexit.o(.ARM.Collect$$rtexit$$00000000)
    __rt_exit_ls                             0x00000301   Thumb Code     0  rtexit2.o(.ARM.Collect$$rtexit$$00000003)
    __rt_exit_prels_1                        0x00000301   Thumb Code     0  rtexit2.o(.ARM.Collect$$rtexit$$00000002)
    __rt_exit_exit                           0x00000305   Thumb Code     0  rtexit2.o(.ARM.Collect$$rtexit$$00000004)
    Reset_Handler                            0x0000030d   Thumb Code     8  startup_tm4c123.o(.text)
    NMI_Handler                              0x00000315   Thumb Code     2  startup_tm4c123.o(.text)
    HardFault_Handler                        0x00000317   Thumb Code     2  startup_tm4c123.o(.text)
    MemManage_Handler                        0x00000319   Thumb Code     2  startup_tm4c123.o(.text)
    BusFault_Handler                         0x0000031b   Thumb Code     2  startup_tm4c123.o(.text)
    UsageFault_Handler                       0x0000031d   Thumb Code     2  startup_tm4c123.o(.text)
    SVC_Handler                              0x0000031f   Thumb Code     2  startup_tm4c123.o(.text)
    DebugMon_Handler                         0x00000321   Thumb Code     2  startup_tm4c123.o(.text)
    PendSV_Handler                           0x00000323   Thumb Code     2  startup_tm4c123.o(.text)
    UART0_Handler                            0x00000331   Thumb Code     2  startup_tm4c123.o(.text)
    UART1_Handler                            0x00000333   Thumb Code     2  startup_tm4c123.o(.text)
    SSI0_Handler                             0x00000335   Thumb Code     2  startup_tm4c123.o(.text)
    I2C0_Handler                             0x00000337   Thumb Code     2  startup_tm4c123.o(.text)
    PMW0_FAULT_Handler                       0x00000339   Thumb Code     2  startup_tm4c123.o(.text)
    PWM0_0_Handler                           0x0000033b   Thumb Code     2  startup_tm4c123.o(.text)
    PWM0_1_Handler                           0x0000033d   Thumb Code     2  startup_tm4c123.o(.text)
    PWM0_2_Handler                           0x0000033f   Thumb Code     2  startup_tm4c123.o(.text)
    QEI0_Handler                             0x00000341   Thumb Code     2  startup_tm4c123.o(.text)
    ADC0SS0_Handler                          0x00000343   Thumb Code     2  startup_tm4c123.o(.text)
    ADC0SS1_Handler                          0x00000345   Thumb Code     2  startup_tm4c123.o(.text)
    ADC0SS2_Handler                          0x00000347   Thumb Code     2  startup_tm4c123.o(.text)
    ADC0SS3_Handler                          0x00000349   Thumb Code     2  startup_tm4c123.o(.text)
    WDT0_Handler                             0x0000034b   Thumb Code     2  startup_tm4c123.o(.text)
    COMP0_Handler                            0x00000359   Thumb Code     2  startup_tm4c123.o(.text)
    COMP1_Handler                            0x0000035b   Thumb Code     2  startup_tm4c123.o(.text)
    COMP2_Handler                            0x0000035d   Thumb Code     2  startup_tm4c123.o(.text)
    SYSCTL_Handler                           0x0000035f   Thumb Code     2  startup_tm4c123.o(.text)
    FLASH_Handler                            0x00000361   Thumb Code     2  startup_tm4c123.o(.text)
    GPIOG_Handler                            0x00000365   Thumb Code     2  startup_tm4c123.o(.text)
    GPIOH_Handler                            0x00000367   Thumb Code     2  startup_tm4c123.o(.text)
    UART2_Handler                            0x00000369   Thumb Code     2  startup_tm4c123.o(.text)
    SSI1_Handler                             0x0000036b   Thumb Code     2  startup_tm4c123.o(.text)
    I2C1_Handler                             0x00000371   Thumb Code     2  startup_tm4c123.o(.text)
    QEI1_Handler                             0x00000373   Thumb Code     2  startup_tm4c123.o(.text)
    CAN0_Handler                             0x00000375   Thumb Code     2  startup_tm4c123.o(.text)
    CAN1_Handler                             0x00000377   Thumb Code     2  startup_tm4c123.o(.text)
    CAN2_Handler                             0x00000379   Thumb Code     2  startup_tm4c123.o(.text)
    HIB_Handler                              0x0000037b   Thumb Code     2  startup_tm4c123.o(.text)
    USB0_Handler                             0x0000037d   Thumb Code     2  startup_tm4c123.o(.text)
    PWM0_3_Handler                           0x0000037f   Thumb Code     2  startup_tm4c123.o(.text)
    UDMA_Handler                             0x00000381   Thumb Code     2  startup_tm4c123.o(.text)
    UDMAERR_Handler                          0x00000383   Thumb Code     2  startup_tm4c123.o(.text)
    ADC1SS0_Handler                          0x00000385   Thumb Code     2  startup_tm4c123.o(.text)
    ADC1SS1_Handler                          0x00000387   Thumb Code     2  startup_tm4c123.o(.text)
    ADC1SS2_Handler                          0x00000389   Thumb Code     2  startup_tm4c123.o(.text)
    ADC1SS3_Handler                          0x0000038b   Thumb Code     2  startup_tm4c123.o(.text)
    GPIOJ_Handler                            0x0000038d   Thumb Code     2  startup_tm4c123.o(.text)
    GPIOK_Handler                            0x0000038f   Thumb Code     2  startup_tm4c123.o(.text)
    GPIOL_Handler                            0x00000391   Thumb Code     2  startup_tm4c123.o(.text)
    SSI2_Handler                             0x00000393   Thumb Code     2  startup_tm4c123.o(.text)
    SSI3_Handler                             0x00000395   Thumb Code     2  startup_tm4c123.o(.text)
    UART3_Handler                            0x00000397   Thumb Code     2  startup_tm4c123.o(.text)
    UART4_Handler                            0x00000399   Thumb Code     2  startup_tm4c123.o(.text)
    UART5_Handler                            0x0000039b   Thumb Code     2  startup_tm4c123.o(.text)
    UART6_Handler                            0x0000039d   Thumb Code     2  startup_tm4c123.o(.text)
    UART7_Handler                            0x0000039f   Thumb Code     2  startup_tm4c123.o(.text)
    I2C2_Handler                             0x000003a1   Thumb Code     2  startup_tm4c123.o(.text)
    I2C3_Handler                             0x000003a3   Thumb Code     2  startup_tm4c123.o(.text)
    FPU_Handler                              0x000003c5   Thumb Code     2  startup_tm4c123.o(.text)
    I2C4_Handler                             0x000003c7   Thumb Code     2  startup_tm4c123.o(.text)
    I2C5_Handler                             0x000003c9   Thumb Code     2  startup_tm4c123.o(.text)
    GPIOM_Handler                            0x000003cb   Thumb Code     2  startup_tm4c123.o(.text)
    GPION_Handler                            0x000003cd   Thumb Code     2  startup_tm4c123.o(.text)
    QEI2_Handler                             0x000003cf   Thumb Code     2  startup_tm4c123.o(.text)
    GPIOP0_Handler                           0x000003d1   Thumb Code     2  startup_tm4c123.o(.text)
    GPIOP1_Handler                           0x000003d3   Thumb Code     2  startup_tm4c123.o(.text)
    GPIOP2_Handler                           0x000003d5   Thumb Code     2  startup_tm4c123.o(.text)
    GPIOP3_Handler                           0x000003d7   Thumb Code     2  startup_tm4c123.o(.text)
    GPIOP4_Handler                           0x000003d9   Thumb Code     2  startup_tm4c123.o(.text)
    GPIOP5_Handler                           0x000003db   Thumb Code     2  startup_tm4c123.o(.text)
    GPIOP6_Handler                           0x000003dd   Thumb Code     2  startup_tm4c123.o(.text)
    GPIOP7_Handler                           0x000003df   Thumb Code     2  startup_tm4c123.o(.text)
    GPIOQ0_Handler                           0x000003e1   Thumb Code     2  startup_tm4c123.o(.text)
    GPIOQ1_Handler                           0x000003e3   Thumb Code     2  startup_tm4c123.o(.text)
    GPIOQ2_Handler                           0x000003e5   Thumb Code     2  startup_tm4c123.o(.text)
    GPIOQ3_Handler                           0x000003e7   Thumb Code     2  startup_tm4c123.o(.text)
    GPIOQ4_Handler                           0x000003e9   Thumb Code     2  startup_tm4c123.o(.text)
    GPIOQ5_Handler                           0x000003eb   Thumb Code     2  startup_tm4c123.o(.text)
    GPIOQ6_Handler                           0x000003ed   Thumb Code     2  startup_tm4c123.o(.text)
    GPIOQ7_Handler                           0x000003ef   Thumb Code     2  startup_tm4c123.o(.text)
    GPIOR_Handler                            0x000003f1   Thumb Code     2  startup_tm4c123.o(.text)
    GPIOS_Handler                            0x000003f3   Thumb Code     2  startup_tm4c123.o(.text)
    PMW1_0_Handler                           0x000003f5   Thumb Code     2  startup_tm4c123.o(.text)
    PWM1_1_Handler                           0x000003f7   Thumb Code     2  startup_tm4c123.o(.text)
    PWM1_2_Handler                           0x000003f9   Thumb Code     2  startup_tm4c123.o(.text)
    PWM1_3_Handler                           0x000003fb   Thumb Code     2  startup_tm4c123.o(.text)
    PWM1_FAULT_Handler                       0x000003fd   Thumb Code     2  startup_tm4c123.o(.text)
    __user_initial_stackheap                 0x00000401   Thumb Code     0  startup_tm4c123.o(.text)
    __use_two_region_memory                  0x00000421   Thumb Code     2  heapauxi.o(.text)
    __rt_heap_escrow$2region                 0x00000423   Thumb Code     2  heapauxi.o(.text)
    __rt_heap_expand$2region                 0x00000425   Thumb Code     2  heapauxi.o(.text)
    __user_setup_stackheap                   0x00000427   Thumb Code    74  sys_stackheap_outer.o(.text)
    exit                                     0x00000471   Thumb Code    18  exit.o(.text)
    __user_libspace                          0x00000485   Thumb Code     8  libspace.o(.text)
    __user_perproc_libspace                  0x00000485   Thumb Code     0  libspace.o(.text)
    __user_perthread_libspace                0x00000485   Thumb Code     0  libspace.o(.text)
    _sys_exit                                0x0000048d   Thumb Code     8  sys_exit.o(.text)
    __I$use$semihosting                      0x00000499   Thumb Code     0  use_no_semi.o(.text)
    __use_no_semihosting_swi                 0x00000499   Thumb Code     2  use_no_semi.o(.text)
    APP_init                                 0x0000049b   Thumb Code     2  app.o(i.APP_init)
    __semihosting_library_function           0x0000049b   Thumb Code     0  indicate_semi.o(.text)
    APP_start                                0x0000049d   Thumb Code   154  app.o(i.APP_start)
    GPIOA_Handler                            0x00000541   Thumb Code    34  gpio.o(i.GPIOA_Handler)
    GPIOB_Handler                            0x00000571   Thumb Code    34  gpio.o(i.GPIOB_Handler)
    GPIOC_Handler                            0x000005a1   Thumb Code    34  gpio.o(i.GPIOC_Handler)
    GPIOD_Handler                            0x000005d1   Thumb Code    34  gpio.o(i.GPIOD_Handler)
    GPIOE_Handler                            0x00000601   Thumb Code    34  gpio.o(i.GPIOE_Handler)
    GPIOF_Handler                            0x00000631   Thumb Code    34  gpio.o(i.GPIOF_Handler)
    SysTick_Handler                          0x00000661   Thumb Code    16  systick.o(i.SysTick_Handler)
    SystemInit                               0x00000675   Thumb Code    92  system_tm4c123.o(i.SystemInit)
    TIMER0A_Handler                          0x000006ed   Thumb Code    28  gptimer.o(i.TIMER0A_Handler)
    TIMER0B_Handler                          0x00000711   Thumb Code    16  gptimer.o(i.TIMER0B_Handler)
    TIMER1A_Handler                          0x00000725   Thumb Code    16  gptimer.o(i.TIMER1A_Handler)
    TIMER1B_Handler                          0x00000739   Thumb Code    16  gptimer.o(i.TIMER1B_Handler)
    TIMER2A_Handler                          0x0000074d   Thumb Code    16  gptimer.o(i.TIMER2A_Handler)
    TIMER2B_Handler                          0x00000761   Thumb Code    16  gptimer.o(i.TIMER2B_Handler)
    TIMER3A_Handler                          0x00000775   Thumb Code    16  gptimer.o(i.TIMER3A_Handler)
    TIMER3B_Handler                          0x00000789   Thumb Code    16  gptimer.o(i.TIMER3B_Handler)
    TIMER4A_Handler                          0x0000079d   Thumb Code    16  gptimer.o(i.TIMER4A_Handler)
    TIMER4B_Handler                          0x000007b1   Thumb Code    16  gptimer.o(i.TIMER4B_Handler)
    TIMER5A_Handler                          0x000007c5   Thumb Code    16  gptimer.o(i.TIMER5A_Handler)
    TIMER5B_Handler                          0x000007d9   Thumb Code    16  gptimer.o(i.TIMER5B_Handler)
    WTIMER0A_Handler                         0x000007ed   Thumb Code    16  gptimer.o(i.WTIMER0A_Handler)
    WTIMER0B_Handler                         0x00000801   Thumb Code    16  gptimer.o(i.WTIMER0B_Handler)
    WTIMER1A_Handler                         0x00000815   Thumb Code    16  gptimer.o(i.WTIMER1A_Handler)
    WTIMER1B_Handler                         0x00000829   Thumb Code    16  gptimer.o(i.WTIMER1B_Handler)
    WTIMER2A_Handler                         0x0000083d   Thumb Code    16  gptimer.o(i.WTIMER2A_Handler)
    WTIMER2B_Handler                         0x00000851   Thumb Code    16  gptimer.o(i.WTIMER2B_Handler)
    WTIMER3A_Handler                         0x00000865   Thumb Code    16  gptimer.o(i.WTIMER3A_Handler)
    WTIMER3B_Handler                         0x00000879   Thumb Code    16  gptimer.o(i.WTIMER3B_Handler)
    WTIMER4A_Handler                         0x0000088d   Thumb Code    16  gptimer.o(i.WTIMER4A_Handler)
    WTIMER4B_Handler                         0x000008a1   Thumb Code    16  gptimer.o(i.WTIMER4B_Handler)
    WTIMER5A_Handler                         0x000008b5   Thumb Code    16  gptimer.o(i.WTIMER5A_Handler)
    WTIMER5B_Handler                         0x000008c9   Thumb Code    16  gptimer.o(i.WTIMER5B_Handler)
    car_stop_state                           0x000008dd   Thumb Code     2  app.o(i.car_stop_state)
    longSide_start                           0x000008df   Thumb Code     2  app.o(i.longSide_start)
    main                                     0x000008e1   Thumb Code    12  main.o(i.main)
    rotate_90degree_state                    0x000008ed   Thumb Code     2  app.o(i.rotate_90degree_state)
    shortSide_start                          0x000008ef   Thumb Code     2  app.o(i.shortSide_start)
    _fp_init                                 0x000008f1   Thumb Code    10  fpinit.o(x$fpl$fpinit)
    __fplib_config_fpu_vfp                   0x000008f9   Thumb Code     0  fpinit.o(x$fpl$fpinit)
    __fplib_config_pureend_doubles           0x000008f9   Thumb Code     0  fpinit.o(x$fpl$fpinit)
    Region$$Table$$Base                      0x000008fc   Number         0  anon$$obj.o(Region$$Table)
    Region$$Table$$Limit                     0x0000091c   Number         0  anon$$obj.o(Region$$Table)
    u8_carMode                               0x20000084   Data           1  app.o(.data)
    u8_start                                 0x20000085   Data           1  app.o(.data)
    __libspace_start                         0x20000088   Data          96  libspace.o(.bss)
    __temporary_stack_top$libspace           0x200000e8   Data           0  libspace.o(.bss)



==============================================================================

Memory Map of the image

  Image Entry point : 0x0000030d

  Load Region LR_1 (Base: 0x00000000, Size: 0x000009a4, Max: 0xffffffff, ABSOLUTE)

    Execution Region ER_RO (Exec base: 0x00000000, Load base: 0x00000000, Size: 0x0000091c, Max: 0xffffffff, ABSOLUTE)

    Exec Addr    Load Addr    Size         Type   Attr      Idx    E Section Name        Object

    0x00000000   0x00000000   0x0000026c   Data   RO          628    RESET               startup_tm4c123.o
    0x0000026c   0x0000026c   0x00000008   Code   RO          678  * !!!main             c_w.l(__main.o)
    0x00000274   0x00000274   0x00000034   Code   RO          835    !!!scatter          c_w.l(__scatter.o)
    0x000002a8   0x000002a8   0x0000001a   Code   RO          837    !!handler_copy      c_w.l(__scatter_copy.o)
    0x000002c2   0x000002c2   0x00000002   PAD
    0x000002c4   0x000002c4   0x0000001c   Code   RO          839    !!handler_zi        c_w.l(__scatter_zi.o)
    0x000002e0   0x000002e0   0x00000002   Code   RO          705    .ARM.Collect$$libinit$$00000000  c_w.l(libinit.o)
    0x000002e2   0x000002e2   0x00000004   Code   RO          711    .ARM.Collect$$libinit$$00000001  c_w.l(libinit2.o)
    0x000002e6   0x000002e6   0x00000000   Code   RO          714    .ARM.Collect$$libinit$$00000004  c_w.l(libinit2.o)
    0x000002e6   0x000002e6   0x00000000   Code   RO          717    .ARM.Collect$$libinit$$0000000A  c_w.l(libinit2.o)
    0x000002e6   0x000002e6   0x00000000   Code   RO          719    .ARM.Collect$$libinit$$0000000C  c_w.l(libinit2.o)
    0x000002e6   0x000002e6   0x00000000   Code   RO          721    .ARM.Collect$$libinit$$0000000E  c_w.l(libinit2.o)
    0x000002e6   0x000002e6   0x00000000   Code   RO          724    .ARM.Collect$$libinit$$00000011  c_w.l(libinit2.o)
    0x000002e6   0x000002e6   0x00000000   Code   RO          726    .ARM.Collect$$libinit$$00000013  c_w.l(libinit2.o)
    0x000002e6   0x000002e6   0x00000000   Code   RO          728    .ARM.Collect$$libinit$$00000015  c_w.l(libinit2.o)
    0x000002e6   0x000002e6   0x00000000   Code   RO          730    .ARM.Collect$$libinit$$00000017  c_w.l(libinit2.o)
    0x000002e6   0x000002e6   0x00000000   Code   RO          732    .ARM.Collect$$libinit$$00000019  c_w.l(libinit2.o)
    0x000002e6   0x000002e6   0x00000000   Code   RO          734    .ARM.Collect$$libinit$$0000001B  c_w.l(libinit2.o)
    0x000002e6   0x000002e6   0x00000000   Code   RO          736    .ARM.Collect$$libinit$$0000001D  c_w.l(libinit2.o)
    0x000002e6   0x000002e6   0x00000000   Code   RO          738    .ARM.Collect$$libinit$$0000001F  c_w.l(libinit2.o)
    0x000002e6   0x000002e6   0x00000000   Code   RO          740    .ARM.Collect$$libinit$$00000021  c_w.l(libinit2.o)
    0x000002e6   0x000002e6   0x00000000   Code   RO          742    .ARM.Collect$$libinit$$00000023  c_w.l(libinit2.o)
    0x000002e6   0x000002e6   0x00000000   Code   RO          744    .ARM.Collect$$libinit$$00000025  c_w.l(libinit2.o)
    0x000002e6   0x000002e6   0x00000000   Code   RO          748    .ARM.Collect$$libinit$$0000002C  c_w.l(libinit2.o)
    0x000002e6   0x000002e6   0x00000000   Code   RO          750    .ARM.Collect$$libinit$$0000002E  c_w.l(libinit2.o)
    0x000002e6   0x000002e6   0x00000000   Code   RO          752    .ARM.Collect$$libinit$$00000030  c_w.l(libinit2.o)
    0x000002e6   0x000002e6   0x00000000   Code   RO          754    .ARM.Collect$$libinit$$00000032  c_w.l(libinit2.o)
    0x000002e6   0x000002e6   0x00000002   Code   RO          755    .ARM.Collect$$libinit$$00000033  c_w.l(libinit2.o)
    0x000002e8   0x000002e8   0x00000002   Code   RO          775    .ARM.Collect$$libshutdown$$00000000  c_w.l(libshutdown.o)
    0x000002ea   0x000002ea   0x00000000   Code   RO          788    .ARM.Collect$$libshutdown$$00000002  c_w.l(libshutdown2.o)
    0x000002ea   0x000002ea   0x00000000   Code   RO          790    .ARM.Collect$$libshutdown$$00000004  c_w.l(libshutdown2.o)
    0x000002ea   0x000002ea   0x00000000   Code   RO          793    .ARM.Collect$$libshutdown$$00000007  c_w.l(libshutdown2.o)
    0x000002ea   0x000002ea   0x00000000   Code   RO          796    .ARM.Collect$$libshutdown$$0000000A  c_w.l(libshutdown2.o)
    0x000002ea   0x000002ea   0x00000000   Code   RO          798    .ARM.Collect$$libshutdown$$0000000C  c_w.l(libshutdown2.o)
    0x000002ea   0x000002ea   0x00000000   Code   RO          801    .ARM.Collect$$libshutdown$$0000000F  c_w.l(libshutdown2.o)
    0x000002ea   0x000002ea   0x00000002   Code   RO          802    .ARM.Collect$$libshutdown$$00000010  c_w.l(libshutdown2.o)
    0x000002ec   0x000002ec   0x00000000   Code   RO          680    .ARM.Collect$$rtentry$$00000000  c_w.l(__rtentry.o)
    0x000002ec   0x000002ec   0x00000000   Code   RO          682    .ARM.Collect$$rtentry$$00000002  c_w.l(__rtentry2.o)
    0x000002ec   0x000002ec   0x00000006   Code   RO          694    .ARM.Collect$$rtentry$$00000004  c_w.l(__rtentry4.o)
    0x000002f2   0x000002f2   0x00000000   Code   RO          684    .ARM.Collect$$rtentry$$00000009  c_w.l(__rtentry2.o)
    0x000002f2   0x000002f2   0x00000004   Code   RO          685    .ARM.Collect$$rtentry$$0000000A  c_w.l(__rtentry2.o)
    0x000002f6   0x000002f6   0x00000000   Code   RO          687    .ARM.Collect$$rtentry$$0000000C  c_w.l(__rtentry2.o)
    0x000002f6   0x000002f6   0x00000008   Code   RO          688    .ARM.Collect$$rtentry$$0000000D  c_w.l(__rtentry2.o)
    0x000002fe   0x000002fe   0x00000002   Code   RO          709    .ARM.Collect$$rtexit$$00000000  c_w.l(rtexit.o)
    0x00000300   0x00000300   0x00000000   Code   RO          757    .ARM.Collect$$rtexit$$00000002  c_w.l(rtexit2.o)
    0x00000300   0x00000300   0x00000004   Code   RO          758    .ARM.Collect$$rtexit$$00000003  c_w.l(rtexit2.o)
    0x00000304   0x00000304   0x00000006   Code   RO          759    .ARM.Collect$$rtexit$$00000004  c_w.l(rtexit2.o)
    0x0000030a   0x0000030a   0x00000002   PAD
    0x0000030c   0x0000030c   0x00000114   Code   RO          629  * .text               startup_tm4c123.o
    0x00000420   0x00000420   0x00000006   Code   RO          676    .text               c_w.l(heapauxi.o)
    0x00000426   0x00000426   0x0000004a   Code   RO          696    .text               c_w.l(sys_stackheap_outer.o)
    0x00000470   0x00000470   0x00000012   Code   RO          698    .text               c_w.l(exit.o)
    0x00000482   0x00000482   0x00000002   PAD
    0x00000484   0x00000484   0x00000008   Code   RO          706    .text               c_w.l(libspace.o)
    0x0000048c   0x0000048c   0x0000000c   Code   RO          767    .text               c_w.l(sys_exit.o)
    0x00000498   0x00000498   0x00000002   Code   RO          778    .text               c_w.l(use_no_semi.o)
    0x0000049a   0x0000049a   0x00000000   Code   RO          780    .text               c_w.l(indicate_semi.o)
    0x0000049a   0x0000049a   0x00000002   Code   RO          539    i.APP_init          app.o
    0x0000049c   0x0000049c   0x000000a4   Code   RO          540    i.APP_start         app.o
    0x00000540   0x00000540   0x00000030   Code   RO            4    i.GPIOA_Handler     gpio.o
    0x00000570   0x00000570   0x00000030   Code   RO            5    i.GPIOB_Handler     gpio.o
    0x000005a0   0x000005a0   0x00000030   Code   RO            6    i.GPIOC_Handler     gpio.o
    0x000005d0   0x000005d0   0x00000030   Code   RO            7    i.GPIOD_Handler     gpio.o
    0x00000600   0x00000600   0x00000030   Code   RO            8    i.GPIOE_Handler     gpio.o
    0x00000630   0x00000630   0x00000030   Code   RO            9    i.GPIOF_Handler     gpio.o
    0x00000660   0x00000660   0x00000014   Code   RO          139    i.SysTick_Handler   systick.o
    0x00000674   0x00000674   0x00000078   Code   RO          637    i.SystemInit        system_tm4c123.o
    0x000006ec   0x000006ec   0x00000024   Code   RO          198    i.TIMER0A_Handler   gptimer.o
    0x00000710   0x00000710   0x00000014   Code   RO          199    i.TIMER0B_Handler   gptimer.o
    0x00000724   0x00000724   0x00000014   Code   RO          200    i.TIMER1A_Handler   gptimer.o
    0x00000738   0x00000738   0x00000014   Code   RO          201    i.TIMER1B_Handler   gptimer.o
    0x0000074c   0x0000074c   0x00000014   Code   RO          202    i.TIMER2A_Handler   gptimer.o
    0x00000760   0x00000760   0x00000014   Code   RO          203    i.TIMER2B_Handler   gptimer.o
    0x00000774   0x00000774   0x00000014   Code   RO          204    i.TIMER3A_Handler   gptimer.o
    0x00000788   0x00000788   0x00000014   Code   RO          205    i.TIMER3B_Handler   gptimer.o
    0x0000079c   0x0000079c   0x00000014   Code   RO          206    i.TIMER4A_Handler   gptimer.o
    0x000007b0   0x000007b0   0x00000014   Code   RO          207    i.TIMER4B_Handler   gptimer.o
    0x000007c4   0x000007c4   0x00000014   Code   RO          208    i.TIMER5A_Handler   gptimer.o
    0x000007d8   0x000007d8   0x00000014   Code   RO          209    i.TIMER5B_Handler   gptimer.o
    0x000007ec   0x000007ec   0x00000014   Code   RO          210    i.WTIMER0A_Handler  gptimer.o
    0x00000800   0x00000800   0x00000014   Code   RO          211    i.WTIMER0B_Handler  gptimer.o
    0x00000814   0x00000814   0x00000014   Code   RO          212    i.WTIMER1A_Handler  gptimer.o
    0x00000828   0x00000828   0x00000014   Code   RO          213    i.WTIMER1B_Handler  gptimer.o
    0x0000083c   0x0000083c   0x00000014   Code   RO          214    i.WTIMER2A_Handler  gptimer.o
    0x00000850   0x00000850   0x00000014   Code   RO          215    i.WTIMER2B_Handler  gptimer.o
    0x00000864   0x00000864   0x00000014   Code   RO          216    i.WTIMER3A_Handler  gptimer.o
    0x00000878   0x00000878   0x00000014   Code   RO          217    i.WTIMER3B_Handler  gptimer.o
    0x0000088c   0x0000088c   0x00000014   Code   RO          218    i.WTIMER4A_Handler  gptimer.o
    0x000008a0   0x000008a0   0x00000014   Code   RO          219    i.WTIMER4B_Handler  gptimer.o
    0x000008b4   0x000008b4   0x00000014   Code   RO          220    i.WTIMER5A_Handler  gptimer.o
    0x000008c8   0x000008c8   0x00000014   Code   RO          221    i.WTIMER5B_Handler  gptimer.o
    0x000008dc   0x000008dc   0x00000002   Code   RO          541    i.car_stop_state    app.o
    0x000008de   0x000008de   0x00000002   Code   RO          542    i.longSide_start    app.o
    0x000008e0   0x000008e0   0x0000000c   Code   RO          605    i.main              main.o
    0x000008ec   0x000008ec   0x00000002   Code   RO          544    i.rotate_90degree_state  app.o
    0x000008ee   0x000008ee   0x00000002   Code   RO          545    i.shortSide_start   app.o
    0x000008f0   0x000008f0   0x0000000a   Code   RO          765    x$fpl$fpinit        fz_wm.l(fpinit.o)
    0x000008fa   0x000008fa   0x00000002   PAD
    0x000008fc   0x000008fc   0x00000020   Data   RO          833    Region$$Table       anon$$obj.o


    Execution Region ER_RW (Exec base: 0x20000000, Load base: 0x0000091c, Size: 0x00000088, Max: 0xffffffff, ABSOLUTE)

    Exec Addr    Load Addr    Size         Type   Attr      Idx    E Section Name        Object

    0x20000000   0x0000091c   0x0000001e   Data   RW           17    .data               gpio.o
    0x2000001e   0x0000093a   0x00000002   PAD
    0x20000020   0x0000093c   0x00000004   Data   RW          146    .data               systick.o
    0x20000024   0x00000940   0x00000060   Data   RW          229    .data               gptimer.o
    0x20000084   0x000009a0   0x00000002   Data   RW          546    .data               app.o


    Execution Region ER_ZI (Exec base: 0x20000088, Load base: 0x000009a4, Size: 0x00000260, Max: 0xffffffff, ABSOLUTE)

    Exec Addr    Load Addr    Size         Type   Attr      Idx    E Section Name        Object

    0x20000088        -       0x00000060   Zero   RW          707    .bss                c_w.l(libspace.o)
    0x200000e8        -       0x00000000   Zero   RW          627    HEAP                startup_tm4c123.o
    0x200000e8        -       0x00000200   Zero   RW          626    STACK               startup_tm4c123.o


==============================================================================

Image component sizes


      Code (inc. data)   RO Data    RW Data    ZI Data      Debug   Object Name

       174         10          0          2          0       3121   app.o
       288         84          0         30          0      12056   gpio.o
       496        100          0         96          0      16532   gptimer.o
        12          0          0          0          0        463   main.o
       276         24        620          0        512       5468   startup_tm4c123.o
       120         28          0          0          0        605   system_tm4c123.o
        20          4          0          4          0       1122   systick.o

    ----------------------------------------------------------------------
      1386        250        652        136        512      39367   Object Totals
         0          0         32          0          0          0   (incl. Generated)
         0          0          0          4          0          0   (incl. Padding)

    ----------------------------------------------------------------------

      Code (inc. data)   RO Data    RW Data    ZI Data      Debug   Library Member Name

         8          0          0          0          0         68   __main.o
         0          0          0          0          0          0   __rtentry.o
        12          0          0          0          0          0   __rtentry2.o
         6          0          0          0          0          0   __rtentry4.o
        52          8          0          0          0          0   __scatter.o
        26          0          0          0          0          0   __scatter_copy.o
        28          0          0          0          0          0   __scatter_zi.o
        18          0          0          0          0         80   exit.o
         6          0          0          0          0        152   heapauxi.o
         0          0          0          0          0          0   indicate_semi.o
         2          0          0          0          0          0   libinit.o
         6          0          0          0          0          0   libinit2.o
         2          0          0          0          0          0   libshutdown.o
         2          0          0          0          0          0   libshutdown2.o
         8          4          0          0         96         68   libspace.o
         2          0          0          0          0          0   rtexit.o
        10          0          0          0          0          0   rtexit2.o
        12          4          0          0          0         68   sys_exit.o
        74          0          0          0          0         80   sys_stackheap_outer.o
         2          0          0          0          0         68   use_no_semi.o
        10          0          0          0          0        116   fpinit.o

    ----------------------------------------------------------------------
       294         16          0          0         96        700   Library Totals
         8          0          0          0          0          0   (incl. Padding)

    ----------------------------------------------------------------------

      Code (inc. data)   RO Data    RW Data    ZI Data      Debug   Library Name

       276         16          0          0         96        584   c_w.l
        10          0          0          0          0        116   fz_wm.l

    ----------------------------------------------------------------------
       294         16          0          0         96        700   Library Totals

    ----------------------------------------------------------------------

==============================================================================


      Code (inc. data)   RO Data    RW Data    ZI Data      Debug   

      1680        266        652        136        608      36411   Grand Totals
      1680        266        652        136        608      36411   ELF Image Totals
      1680        266        652        136          0          0   ROM Totals

==============================================================================

    Total RO  Size (Code + RO Data)                 2332 (   2.28kB)
    Total RW  Size (RW Data + ZI Data)               744 (   0.73kB)
    Total ROM Size (Code + RO Data + RW Data)       2468 (   2.41kB)

==============================================================================

